Archive member included to satisfy reference by file (symbol)

c:/program files (x86)/embitz/1.11/share/em_armgcc/bin/../lib/gcc/arm-none-eabi/5.4.1/../../../../arm-none-eabi/lib/armv6-m\libc.a(lib_a-exit.o)
                              c:/program files (x86)/embitz/1.11/share/em_armgcc/bin/../lib/gcc/arm-none-eabi/5.4.1/../../../../arm-none-eabi/lib/armv6-m/crt0.o (exit)
c:/program files (x86)/embitz/1.11/share/em_armgcc/bin/../lib/gcc/arm-none-eabi/5.4.1/../../../../arm-none-eabi/lib/armv6-m\libc.a(lib_a-impure.o)
                              c:/program files (x86)/embitz/1.11/share/em_armgcc/bin/../lib/gcc/arm-none-eabi/5.4.1/../../../../arm-none-eabi/lib/armv6-m\libc.a(lib_a-exit.o) (_global_impure_ptr)
c:/program files (x86)/embitz/1.11/share/em_armgcc/bin/../lib/gcc/arm-none-eabi/5.4.1/../../../../arm-none-eabi/lib/armv6-m\libc.a(lib_a-init.o)
                              c:/program files (x86)/embitz/1.11/share/em_armgcc/bin/../lib/gcc/arm-none-eabi/5.4.1/../../../../arm-none-eabi/lib/armv6-m/crt0.o (__libc_init_array)
c:/program files (x86)/embitz/1.11/share/em_armgcc/bin/../lib/gcc/arm-none-eabi/5.4.1/../../../../arm-none-eabi/lib/armv6-m\libc.a(lib_a-memset.o)
                              c:/program files (x86)/embitz/1.11/share/em_armgcc/bin/../lib/gcc/arm-none-eabi/5.4.1/../../../../arm-none-eabi/lib/armv6-m/crt0.o (memset)
c:/program files (x86)/embitz/1.11/share/em_armgcc/bin/../lib/gcc/arm-none-eabi/5.4.1/../../../../arm-none-eabi/lib/armv6-m\libc.a(lib_a-__call_atexit.o)
                              c:/program files (x86)/embitz/1.11/share/em_armgcc/bin/../lib/gcc/arm-none-eabi/5.4.1/../../../../arm-none-eabi/lib/armv6-m\libc.a(lib_a-exit.o) (__call_exitprocs)
c:/program files (x86)/embitz/1.11/share/em_armgcc/bin/../lib/gcc/arm-none-eabi/5.4.1/../../../../arm-none-eabi/lib/armv6-m\libc.a(lib_a-atexit.o)
                              c:/program files (x86)/embitz/1.11/share/em_armgcc/bin/../lib/gcc/arm-none-eabi/5.4.1/../../../../arm-none-eabi/lib/armv6-m\libc.a(lib_a-__call_atexit.o) (atexit)
c:/program files (x86)/embitz/1.11/share/em_armgcc/bin/../lib/gcc/arm-none-eabi/5.4.1/../../../../arm-none-eabi/lib/armv6-m\libc.a(lib_a-fini.o)
                              c:/program files (x86)/embitz/1.11/share/em_armgcc/bin/../lib/gcc/arm-none-eabi/5.4.1/../../../../arm-none-eabi/lib/armv6-m\libc.a(lib_a-__call_atexit.o) (__libc_fini_array)
c:/program files (x86)/embitz/1.11/share/em_armgcc/bin/../lib/gcc/arm-none-eabi/5.4.1/../../../../arm-none-eabi/lib/armv6-m\libc.a(lib_a-__atexit.o)
                              c:/program files (x86)/embitz/1.11/share/em_armgcc/bin/../lib/gcc/arm-none-eabi/5.4.1/../../../../arm-none-eabi/lib/armv6-m\libc.a(lib_a-atexit.o) (__register_exitproc)
c:/program files (x86)/embitz/1.11/share/em_armgcc/bin/../lib/gcc/arm-none-eabi/5.4.1/../../../../arm-none-eabi/lib/armv6-m\libnosys.a(_exit.o)
                              c:/program files (x86)/embitz/1.11/share/em_armgcc/bin/../lib/gcc/arm-none-eabi/5.4.1/../../../../arm-none-eabi/lib/armv6-m\libc.a(lib_a-exit.o) (_exit)
c:/program files (x86)/embitz/1.11/share/em_armgcc/bin/../lib/gcc/arm-none-eabi/5.4.1/armv6-m\libgcc.a(_udivsi3.o)
                              obj\debug\components\ble\device_manager\device_manager_peripheral.o (__aeabi_uidiv)
c:/program files (x86)/embitz/1.11/share/em_armgcc/bin/../lib/gcc/arm-none-eabi/5.4.1/armv6-m\libgcc.a(_divsi3.o)
                              obj\debug\components\drivers_nrf\pstorage\pstorage.o (__aeabi_idiv)
c:/program files (x86)/embitz/1.11/share/em_armgcc/bin/../lib/gcc/arm-none-eabi/5.4.1/armv6-m\libgcc.a(_dvmd_tls.o)
                              c:/program files (x86)/embitz/1.11/share/em_armgcc/bin/../lib/gcc/arm-none-eabi/5.4.1/armv6-m\libgcc.a(_udivsi3.o) (__aeabi_idiv0)
c:/program files (x86)/embitz/1.11/share/em_armgcc/bin/../lib/gcc/arm-none-eabi/5.4.1/../../../../arm-none-eabi/lib/armv6-m\libc_n.a(lib_a-memcmp.o)
                              obj\debug\components\ble\device_manager\device_manager_peripheral.o (memcmp)
c:/program files (x86)/embitz/1.11/share/em_armgcc/bin/../lib/gcc/arm-none-eabi/5.4.1/../../../../arm-none-eabi/lib/armv6-m\libc_n.a(lib_a-memcpy-stub.o)
                              obj\debug\components\ble\ble_services\ble_hids\ble_hids.o (memcpy)
c:/program files (x86)/embitz/1.11/share/em_armgcc/bin/../lib/gcc/arm-none-eabi/5.4.1/../../../../arm-none-eabi/lib/armv6-m\libc_n.a(lib_a-strlen.o)
                              obj\debug\components\ble\common\ble_srv_common.o (strlen)

Allocating common symbols
Common symbol       size              file

nrf_nvic_state      0x8               obj\debug\components\softdevice\common\softdevice_handler\softdevice_handler.o
__stdin             0x68              obj\debug\components\libraries\uart\retarget.o
__stdout            0x68              obj\debug\components\libraries\uart\retarget.o

Memory Configuration

Name             Origin             Length             Attributes
FLASH            0x0001b000         0x00025000         xr
RAM              0x20002080         0x00001f80         xrw
*default*        0x00000000         0xffffffff

Linker script and memory map


.text           0x0001b000    0x138a0
 *(.isr_vector)
 .isr_vector    0x0001b000       0xc0 obj\debug\components\toolchain\gcc\gcc_startup_nrf51.o
                0x0001b000                __isr_vector
 *(.text*)
 .text          0x0001b0c0        0x0 c:/program files (x86)/embitz/1.11/share/em_armgcc/bin/../lib/gcc/arm-none-eabi/5.4.1/armv6-m/crti.o
 .text          0x0001b0c0       0x60 c:/program files (x86)/embitz/1.11/share/em_armgcc/bin/../lib/gcc/arm-none-eabi/5.4.1/armv6-m/crtbegin.o
 .text          0x0001b120       0x78 c:/program files (x86)/embitz/1.11/share/em_armgcc/bin/../lib/gcc/arm-none-eabi/5.4.1/../../../../arm-none-eabi/lib/armv6-m/crt0.o
                0x0001b120                _start
                0x0001b120                _mainCRTStartup
 .text          0x0001b198        0x0 c:/program files (x86)/embitz/1.11/share/em_armgcc/bin/../lib/gcc/arm-none-eabi/5.4.1/../../../../arm-none-eabi/lib/armv6-m\libc.a(lib_a-exit.o)
 .text.exit     0x0001b198       0x20 c:/program files (x86)/embitz/1.11/share/em_armgcc/bin/../lib/gcc/arm-none-eabi/5.4.1/../../../../arm-none-eabi/lib/armv6-m\libc.a(lib_a-exit.o)
                0x0001b198                exit
 .text          0x0001b1b8        0x0 c:/program files (x86)/embitz/1.11/share/em_armgcc/bin/../lib/gcc/arm-none-eabi/5.4.1/../../../../arm-none-eabi/lib/armv6-m\libc.a(lib_a-impure.o)
 .text          0x0001b1b8        0x0 c:/program files (x86)/embitz/1.11/share/em_armgcc/bin/../lib/gcc/arm-none-eabi/5.4.1/../../../../arm-none-eabi/lib/armv6-m\libc.a(lib_a-init.o)
 .text.__libc_init_array
                0x0001b1b8       0x48 c:/program files (x86)/embitz/1.11/share/em_armgcc/bin/../lib/gcc/arm-none-eabi/5.4.1/../../../../arm-none-eabi/lib/armv6-m\libc.a(lib_a-init.o)
                0x0001b1b8                __libc_init_array
 .text          0x0001b200        0x0 c:/program files (x86)/embitz/1.11/share/em_armgcc/bin/../lib/gcc/arm-none-eabi/5.4.1/../../../../arm-none-eabi/lib/armv6-m\libc.a(lib_a-memset.o)
 .text.memset   0x0001b200       0x8c c:/program files (x86)/embitz/1.11/share/em_armgcc/bin/../lib/gcc/arm-none-eabi/5.4.1/../../../../arm-none-eabi/lib/armv6-m\libc.a(lib_a-memset.o)
                0x0001b200                memset
 .text          0x0001b28c        0x0 c:/program files (x86)/embitz/1.11/share/em_armgcc/bin/../lib/gcc/arm-none-eabi/5.4.1/../../../../arm-none-eabi/lib/armv6-m\libc.a(lib_a-__call_atexit.o)
 .text.startup.register_fini
                0x0001b28c       0x18 c:/program files (x86)/embitz/1.11/share/em_armgcc/bin/../lib/gcc/arm-none-eabi/5.4.1/../../../../arm-none-eabi/lib/armv6-m\libc.a(lib_a-__call_atexit.o)
 .text.__call_exitprocs
                0x0001b2a4       0xfc c:/program files (x86)/embitz/1.11/share/em_armgcc/bin/../lib/gcc/arm-none-eabi/5.4.1/../../../../arm-none-eabi/lib/armv6-m\libc.a(lib_a-__call_atexit.o)
                0x0001b2a4                __call_exitprocs
 .text          0x0001b3a0        0x0 c:/program files (x86)/embitz/1.11/share/em_armgcc/bin/../lib/gcc/arm-none-eabi/5.4.1/../../../../arm-none-eabi/lib/armv6-m\libc.a(lib_a-atexit.o)
 .text.atexit   0x0001b3a0       0x10 c:/program files (x86)/embitz/1.11/share/em_armgcc/bin/../lib/gcc/arm-none-eabi/5.4.1/../../../../arm-none-eabi/lib/armv6-m\libc.a(lib_a-atexit.o)
                0x0001b3a0                atexit
 .text          0x0001b3b0        0x0 c:/program files (x86)/embitz/1.11/share/em_armgcc/bin/../lib/gcc/arm-none-eabi/5.4.1/../../../../arm-none-eabi/lib/armv6-m\libc.a(lib_a-fini.o)
 .text.__libc_fini_array
                0x0001b3b0       0x34 c:/program files (x86)/embitz/1.11/share/em_armgcc/bin/../lib/gcc/arm-none-eabi/5.4.1/../../../../arm-none-eabi/lib/armv6-m\libc.a(lib_a-fini.o)
                0x0001b3b0                __libc_fini_array
 .text          0x0001b3e4        0x0 c:/program files (x86)/embitz/1.11/share/em_armgcc/bin/../lib/gcc/arm-none-eabi/5.4.1/../../../../arm-none-eabi/lib/armv6-m\libc.a(lib_a-__atexit.o)
 .text.__register_exitproc
                0x0001b3e4       0xd4 c:/program files (x86)/embitz/1.11/share/em_armgcc/bin/../lib/gcc/arm-none-eabi/5.4.1/../../../../arm-none-eabi/lib/armv6-m\libc.a(lib_a-__atexit.o)
                0x0001b3e4                __register_exitproc
 .text          0x0001b4b8        0x0 c:/program files (x86)/embitz/1.11/share/em_armgcc/bin/../lib/gcc/arm-none-eabi/5.4.1/../../../../arm-none-eabi/lib/armv6-m\libnosys.a(_exit.o)
 .text._exit    0x0001b4b8        0x4 c:/program files (x86)/embitz/1.11/share/em_armgcc/bin/../lib/gcc/arm-none-eabi/5.4.1/../../../../arm-none-eabi/lib/armv6-m\libnosys.a(_exit.o)
                0x0001b4b8                _exit
 .text          0x0001b4bc        0x0 obj\debug\components\ble\ble_advertising\ble_advertising.o
 .text.sd_ble_gap_address_set
                0x0001b4bc        0x8 obj\debug\components\ble\ble_advertising\ble_advertising.o
 .text.sd_ble_gap_address_get
                0x0001b4c4        0x8 obj\debug\components\ble\ble_advertising\ble_advertising.o
 .text.sd_ble_gap_adv_data_set
                0x0001b4cc        0x8 obj\debug\components\ble\ble_advertising\ble_advertising.o
 .text.sd_ble_gap_adv_start
                0x0001b4d4        0x8 obj\debug\components\ble\ble_advertising\ble_advertising.o
 .text.sd_ble_gap_adv_stop
                0x0001b4dc        0x8 obj\debug\components\ble\ble_advertising\ble_advertising.o
 .text.sd_ble_gap_conn_param_update
                0x0001b4e4        0x8 obj\debug\components\ble\ble_advertising\ble_advertising.o
 .text.sd_ble_gap_disconnect
                0x0001b4ec        0x8 obj\debug\components\ble\ble_advertising\ble_advertising.o
 .text.sd_ble_gap_tx_power_set
                0x0001b4f4        0x8 obj\debug\components\ble\ble_advertising\ble_advertising.o
 .text.sd_ble_gap_appearance_set
                0x0001b4fc        0x8 obj\debug\components\ble\ble_advertising\ble_advertising.o
 .text.sd_ble_gap_appearance_get
                0x0001b504        0x8 obj\debug\components\ble\ble_advertising\ble_advertising.o
 .text.sd_ble_gap_ppcp_set
                0x0001b50c        0x8 obj\debug\components\ble\ble_advertising\ble_advertising.o
 .text.sd_ble_gap_ppcp_get
                0x0001b514        0x8 obj\debug\components\ble\ble_advertising\ble_advertising.o
 .text.sd_ble_gap_device_name_set
                0x0001b51c        0x8 obj\debug\components\ble\ble_advertising\ble_advertising.o
 .text.sd_ble_gap_device_name_get
                0x0001b524        0x8 obj\debug\components\ble\ble_advertising\ble_advertising.o
 .text.sd_ble_gap_authenticate
                0x0001b52c        0x8 obj\debug\components\ble\ble_advertising\ble_advertising.o
 .text.sd_ble_gap_sec_params_reply
                0x0001b534        0x8 obj\debug\components\ble\ble_advertising\ble_advertising.o
 .text.sd_ble_gap_auth_key_reply
                0x0001b53c        0x8 obj\debug\components\ble\ble_advertising\ble_advertising.o
 .text.sd_ble_gap_lesc_dhkey_reply
                0x0001b544        0x8 obj\debug\components\ble\ble_advertising\ble_advertising.o
 .text.sd_ble_gap_keypress_notify
                0x0001b54c        0x8 obj\debug\components\ble\ble_advertising\ble_advertising.o
 .text.sd_ble_gap_lesc_oob_data_get
                0x0001b554        0x8 obj\debug\components\ble\ble_advertising\ble_advertising.o
 .text.sd_ble_gap_lesc_oob_data_set
                0x0001b55c        0x8 obj\debug\components\ble\ble_advertising\ble_advertising.o
 .text.sd_ble_gap_encrypt
                0x0001b564        0x8 obj\debug\components\ble\ble_advertising\ble_advertising.o
 .text.sd_ble_gap_sec_info_reply
                0x0001b56c        0x8 obj\debug\components\ble\ble_advertising\ble_advertising.o
 .text.sd_ble_gap_conn_sec_get
                0x0001b574        0x8 obj\debug\components\ble\ble_advertising\ble_advertising.o
 .text.sd_ble_gap_rssi_start
                0x0001b57c        0x8 obj\debug\components\ble\ble_advertising\ble_advertising.o
 .text.sd_ble_gap_rssi_stop
                0x0001b584        0x8 obj\debug\components\ble\ble_advertising\ble_advertising.o
 .text.sd_ble_gap_rssi_get
                0x0001b58c        0x8 obj\debug\components\ble\ble_advertising\ble_advertising.o
 .text.sd_ble_gap_scan_start
                0x0001b594        0x8 obj\debug\components\ble\ble_advertising\ble_advertising.o
 .text.sd_ble_gap_scan_stop
                0x0001b59c        0x8 obj\debug\components\ble\ble_advertising\ble_advertising.o
 .text.sd_ble_gap_connect
                0x0001b5a4        0x8 obj\debug\components\ble\ble_advertising\ble_advertising.o
 .text.sd_ble_gap_connect_cancel
                0x0001b5ac        0x8 obj\debug\components\ble\ble_advertising\ble_advertising.o
 .text.sd_ble_l2cap_cid_register
                0x0001b5b4        0x8 obj\debug\components\ble\ble_advertising\ble_advertising.o
 .text.sd_ble_l2cap_cid_unregister
                0x0001b5bc        0x8 obj\debug\components\ble\ble_advertising\ble_advertising.o
 .text.sd_ble_l2cap_tx
                0x0001b5c4        0x8 obj\debug\components\ble\ble_advertising\ble_advertising.o
 .text.sd_ble_gattc_primary_services_discover
                0x0001b5cc        0x8 obj\debug\components\ble\ble_advertising\ble_advertising.o
 .text.sd_ble_gattc_relationships_discover
                0x0001b5d4        0x8 obj\debug\components\ble\ble_advertising\ble_advertising.o
 .text.sd_ble_gattc_characteristics_discover
                0x0001b5dc        0x8 obj\debug\components\ble\ble_advertising\ble_advertising.o
 .text.sd_ble_gattc_descriptors_discover
                0x0001b5e4        0x8 obj\debug\components\ble\ble_advertising\ble_advertising.o
 .text.sd_ble_gattc_char_value_by_uuid_read
                0x0001b5ec        0x8 obj\debug\components\ble\ble_advertising\ble_advertising.o
 .text.sd_ble_gattc_read
                0x0001b5f4        0x8 obj\debug\components\ble\ble_advertising\ble_advertising.o
 .text.sd_ble_gattc_char_values_read
                0x0001b5fc        0x8 obj\debug\components\ble\ble_advertising\ble_advertising.o
 .text.sd_ble_gattc_write
                0x0001b604        0x8 obj\debug\components\ble\ble_advertising\ble_advertising.o
 .text.sd_ble_gattc_hv_confirm
                0x0001b60c        0x8 obj\debug\components\ble\ble_advertising\ble_advertising.o
 .text.sd_ble_gattc_attr_info_discover
                0x0001b614        0x8 obj\debug\components\ble\ble_advertising\ble_advertising.o
 .text.sd_ble_gatts_service_add
                0x0001b61c        0x8 obj\debug\components\ble\ble_advertising\ble_advertising.o
 .text.sd_ble_gatts_include_add
                0x0001b624        0x8 obj\debug\components\ble\ble_advertising\ble_advertising.o
 .text.sd_ble_gatts_characteristic_add
                0x0001b62c        0x8 obj\debug\components\ble\ble_advertising\ble_advertising.o
 .text.sd_ble_gatts_descriptor_add
                0x0001b634        0x8 obj\debug\components\ble\ble_advertising\ble_advertising.o
 .text.sd_ble_gatts_value_set
                0x0001b63c        0x8 obj\debug\components\ble\ble_advertising\ble_advertising.o
 .text.sd_ble_gatts_value_get
                0x0001b644        0x8 obj\debug\components\ble\ble_advertising\ble_advertising.o
 .text.sd_ble_gatts_hvx
                0x0001b64c        0x8 obj\debug\components\ble\ble_advertising\ble_advertising.o
 .text.sd_ble_gatts_service_changed
                0x0001b654        0x8 obj\debug\components\ble\ble_advertising\ble_advertising.o
 .text.sd_ble_gatts_rw_authorize_reply
                0x0001b65c        0x8 obj\debug\components\ble\ble_advertising\ble_advertising.o
 .text.sd_ble_gatts_sys_attr_set
                0x0001b664        0x8 obj\debug\components\ble\ble_advertising\ble_advertising.o
 .text.sd_ble_gatts_sys_attr_get
                0x0001b66c        0x8 obj\debug\components\ble\ble_advertising\ble_advertising.o
 .text.sd_ble_gatts_initial_user_handle_get
                0x0001b674        0x8 obj\debug\components\ble\ble_advertising\ble_advertising.o
 .text.sd_ble_gatts_attr_get
                0x0001b67c        0x8 obj\debug\components\ble\ble_advertising\ble_advertising.o
 .text.sd_ble_enable
                0x0001b684        0x8 obj\debug\components\ble\ble_advertising\ble_advertising.o
 .text.sd_ble_evt_get
                0x0001b68c        0x8 obj\debug\components\ble\ble_advertising\ble_advertising.o
 .text.sd_ble_tx_packet_count_get
                0x0001b694        0x8 obj\debug\components\ble\ble_advertising\ble_advertising.o
 .text.sd_ble_uuid_vs_add
                0x0001b69c        0x8 obj\debug\components\ble\ble_advertising\ble_advertising.o
 .text.sd_ble_uuid_decode
                0x0001b6a4        0x8 obj\debug\components\ble\ble_advertising\ble_advertising.o
 .text.sd_ble_uuid_encode
                0x0001b6ac        0x8 obj\debug\components\ble\ble_advertising\ble_advertising.o
 .text.sd_ble_version_get
                0x0001b6b4        0x8 obj\debug\components\ble\ble_advertising\ble_advertising.o
 .text.sd_ble_user_mem_reply
                0x0001b6bc        0x8 obj\debug\components\ble\ble_advertising\ble_advertising.o
 .text.sd_ble_opt_set
                0x0001b6c4        0x8 obj\debug\components\ble\ble_advertising\ble_advertising.o
 .text.sd_ble_opt_get
                0x0001b6cc        0x8 obj\debug\components\ble\ble_advertising\ble_advertising.o
 .text.sd_mutex_new
                0x0001b6d4        0x8 obj\debug\components\ble\ble_advertising\ble_advertising.o
 .text.sd_mutex_acquire
                0x0001b6dc        0x8 obj\debug\components\ble\ble_advertising\ble_advertising.o
 .text.sd_mutex_release
                0x0001b6e4        0x8 obj\debug\components\ble\ble_advertising\ble_advertising.o
 .text.sd_rand_application_pool_capacity_get
                0x0001b6ec        0x8 obj\debug\components\ble\ble_advertising\ble_advertising.o
 .text.sd_rand_application_bytes_available_get
                0x0001b6f4        0x8 obj\debug\components\ble\ble_advertising\ble_advertising.o
 .text.sd_rand_application_vector_get
                0x0001b6fc        0x8 obj\debug\components\ble\ble_advertising\ble_advertising.o
 .text.sd_power_reset_reason_get
                0x0001b704        0x8 obj\debug\components\ble\ble_advertising\ble_advertising.o
 .text.sd_power_reset_reason_clr
                0x0001b70c        0x8 obj\debug\components\ble\ble_advertising\ble_advertising.o
 .text.sd_power_mode_set
                0x0001b714        0x8 obj\debug\components\ble\ble_advertising\ble_advertising.o
 .text.sd_power_system_off
                0x0001b71c        0x8 obj\debug\components\ble\ble_advertising\ble_advertising.o
 .text.sd_power_pof_enable
                0x0001b724        0x8 obj\debug\components\ble\ble_advertising\ble_advertising.o
 .text.sd_power_pof_threshold_set
                0x0001b72c        0x8 obj\debug\components\ble\ble_advertising\ble_advertising.o
 .text.sd_power_ramon_set
                0x0001b734        0x8 obj\debug\components\ble\ble_advertising\ble_advertising.o
 .text.sd_power_ramon_clr
                0x0001b73c        0x8 obj\debug\components\ble\ble_advertising\ble_advertising.o
 .text.sd_power_ramon_get
                0x0001b744        0x8 obj\debug\components\ble\ble_advertising\ble_advertising.o
 .text.sd_power_gpregret_set
                0x0001b74c        0x8 obj\debug\components\ble\ble_advertising\ble_advertising.o
 .text.sd_power_gpregret_clr
                0x0001b754        0x8 obj\debug\components\ble\ble_advertising\ble_advertising.o
 .text.sd_power_gpregret_get
                0x0001b75c        0x8 obj\debug\components\ble\ble_advertising\ble_advertising.o
 .text.sd_power_dcdc_mode_set
                0x0001b764        0x8 obj\debug\components\ble\ble_advertising\ble_advertising.o
 .text.sd_clock_hfclk_request
                0x0001b76c        0x8 obj\debug\components\ble\ble_advertising\ble_advertising.o
 .text.sd_clock_hfclk_release
                0x0001b774        0x8 obj\debug\components\ble\ble_advertising\ble_advertising.o
 .text.sd_clock_hfclk_is_running
                0x0001b77c        0x8 obj\debug\components\ble\ble_advertising\ble_advertising.o
 .text.sd_app_evt_wait
                0x0001b784        0x8 obj\debug\components\ble\ble_advertising\ble_advertising.o
 .text.sd_ppi_channel_enable_get
                0x0001b78c        0x8 obj\debug\components\ble\ble_advertising\ble_advertising.o
 .text.sd_ppi_channel_enable_set
                0x0001b794        0x8 obj\debug\components\ble\ble_advertising\ble_advertising.o
 .text.sd_ppi_channel_enable_clr
                0x0001b79c        0x8 obj\debug\components\ble\ble_advertising\ble_advertising.o
 .text.sd_ppi_channel_assign
                0x0001b7a4        0x8 obj\debug\components\ble\ble_advertising\ble_advertising.o
 .text.sd_ppi_group_task_enable
                0x0001b7ac        0x8 obj\debug\components\ble\ble_advertising\ble_advertising.o
 .text.sd_ppi_group_task_disable
                0x0001b7b4        0x8 obj\debug\components\ble\ble_advertising\ble_advertising.o
 .text.sd_ppi_group_assign
                0x0001b7bc        0x8 obj\debug\components\ble\ble_advertising\ble_advertising.o
 .text.sd_ppi_group_get
                0x0001b7c4        0x8 obj\debug\components\ble\ble_advertising\ble_advertising.o
 .text.sd_radio_notification_cfg_set
                0x0001b7cc        0x8 obj\debug\components\ble\ble_advertising\ble_advertising.o
 .text.sd_ecb_block_encrypt
                0x0001b7d4        0x8 obj\debug\components\ble\ble_advertising\ble_advertising.o
 .text.sd_ecb_blocks_encrypt
                0x0001b7dc        0x8 obj\debug\components\ble\ble_advertising\ble_advertising.o
 .text.sd_evt_get
                0x0001b7e4        0x8 obj\debug\components\ble\ble_advertising\ble_advertising.o
 .text.sd_temp_get
                0x0001b7ec        0x8 obj\debug\components\ble\ble_advertising\ble_advertising.o
 .text.sd_flash_write
                0x0001b7f4        0x8 obj\debug\components\ble\ble_advertising\ble_advertising.o
 .text.sd_flash_page_erase
                0x0001b7fc        0x8 obj\debug\components\ble\ble_advertising\ble_advertising.o
 .text.sd_flash_protect
                0x0001b804        0x8 obj\debug\components\ble\ble_advertising\ble_advertising.o
 .text.sd_radio_session_open
                0x0001b80c        0x8 obj\debug\components\ble\ble_advertising\ble_advertising.o
 .text.sd_radio_session_close
                0x0001b814        0x8 obj\debug\components\ble\ble_advertising\ble_advertising.o
 .text.sd_radio_request
                0x0001b81c        0x8 obj\debug\components\ble\ble_advertising\ble_advertising.o
 .text.whitelist_has_entries
                0x0001b824       0x28 obj\debug\components\ble\ble_advertising\ble_advertising.o
 .text.ble_advertising_peer_address_clear
                0x0001b84c       0x1c obj\debug\components\ble\ble_advertising\ble_advertising.o
 .text.peer_address_exists
                0x0001b868       0x34 obj\debug\components\ble\ble_advertising\ble_advertising.o
 .text.ble_advertising_init
                0x0001b89c      0x200 obj\debug\components\ble\ble_advertising\ble_advertising.o
                0x0001b89c                ble_advertising_init
 .text.flash_access_in_progress
                0x0001ba9c       0x58 obj\debug\components\ble\ble_advertising\ble_advertising.o
 .text.ble_advertising_start
                0x0001baf4      0x368 obj\debug\components\ble\ble_advertising\ble_advertising.o
                0x0001baf4                ble_advertising_start
 .text.ble_advertising_on_ble_evt
                0x0001be5c      0x158 obj\debug\components\ble\ble_advertising\ble_advertising.o
                0x0001be5c                ble_advertising_on_ble_evt
 .text.ble_advertising_on_sys_evt
                0x0001bfb4       0x64 obj\debug\components\ble\ble_advertising\ble_advertising.o
                0x0001bfb4                ble_advertising_on_sys_evt
 .text.ble_advertising_peer_addr_reply
                0x0001c018       0x64 obj\debug\components\ble\ble_advertising\ble_advertising.o
                0x0001c018                ble_advertising_peer_addr_reply
 .text.ble_advertising_whitelist_reply
                0x0001c07c       0xa4 obj\debug\components\ble\ble_advertising\ble_advertising.o
                0x0001c07c                ble_advertising_whitelist_reply
 .text.ble_advertising_restart_without_whitelist
                0x0001c120       0xa0 obj\debug\components\ble\ble_advertising\ble_advertising.o
                0x0001c120                ble_advertising_restart_without_whitelist
 .text          0x0001c1c0        0x0 obj\debug\components\ble\ble_services\ble_bas\ble_bas.o
 .text.sd_ble_gap_address_set
                0x0001c1c0        0x8 obj\debug\components\ble\ble_services\ble_bas\ble_bas.o
 .text.sd_ble_gap_address_get
                0x0001c1c8        0x8 obj\debug\components\ble\ble_services\ble_bas\ble_bas.o
 .text.sd_ble_gap_adv_data_set
                0x0001c1d0        0x8 obj\debug\components\ble\ble_services\ble_bas\ble_bas.o
 .text.sd_ble_gap_adv_start
                0x0001c1d8        0x8 obj\debug\components\ble\ble_services\ble_bas\ble_bas.o
 .text.sd_ble_gap_adv_stop
                0x0001c1e0        0x8 obj\debug\components\ble\ble_services\ble_bas\ble_bas.o
 .text.sd_ble_gap_conn_param_update
                0x0001c1e8        0x8 obj\debug\components\ble\ble_services\ble_bas\ble_bas.o
 .text.sd_ble_gap_disconnect
                0x0001c1f0        0x8 obj\debug\components\ble\ble_services\ble_bas\ble_bas.o
 .text.sd_ble_gap_tx_power_set
                0x0001c1f8        0x8 obj\debug\components\ble\ble_services\ble_bas\ble_bas.o
 .text.sd_ble_gap_appearance_set
                0x0001c200        0x8 obj\debug\components\ble\ble_services\ble_bas\ble_bas.o
 .text.sd_ble_gap_appearance_get
                0x0001c208        0x8 obj\debug\components\ble\ble_services\ble_bas\ble_bas.o
 .text.sd_ble_gap_ppcp_set
                0x0001c210        0x8 obj\debug\components\ble\ble_services\ble_bas\ble_bas.o
 .text.sd_ble_gap_ppcp_get
                0x0001c218        0x8 obj\debug\components\ble\ble_services\ble_bas\ble_bas.o
 .text.sd_ble_gap_device_name_set
                0x0001c220        0x8 obj\debug\components\ble\ble_services\ble_bas\ble_bas.o
 .text.sd_ble_gap_device_name_get
                0x0001c228        0x8 obj\debug\components\ble\ble_services\ble_bas\ble_bas.o
 .text.sd_ble_gap_authenticate
                0x0001c230        0x8 obj\debug\components\ble\ble_services\ble_bas\ble_bas.o
 .text.sd_ble_gap_sec_params_reply
                0x0001c238        0x8 obj\debug\components\ble\ble_services\ble_bas\ble_bas.o
 .text.sd_ble_gap_auth_key_reply
                0x0001c240        0x8 obj\debug\components\ble\ble_services\ble_bas\ble_bas.o
 .text.sd_ble_gap_lesc_dhkey_reply
                0x0001c248        0x8 obj\debug\components\ble\ble_services\ble_bas\ble_bas.o
 .text.sd_ble_gap_keypress_notify
                0x0001c250        0x8 obj\debug\components\ble\ble_services\ble_bas\ble_bas.o
 .text.sd_ble_gap_lesc_oob_data_get
                0x0001c258        0x8 obj\debug\components\ble\ble_services\ble_bas\ble_bas.o
 .text.sd_ble_gap_lesc_oob_data_set
                0x0001c260        0x8 obj\debug\components\ble\ble_services\ble_bas\ble_bas.o
 .text.sd_ble_gap_encrypt
                0x0001c268        0x8 obj\debug\components\ble\ble_services\ble_bas\ble_bas.o
 .text.sd_ble_gap_sec_info_reply
                0x0001c270        0x8 obj\debug\components\ble\ble_services\ble_bas\ble_bas.o
 .text.sd_ble_gap_conn_sec_get
                0x0001c278        0x8 obj\debug\components\ble\ble_services\ble_bas\ble_bas.o
 .text.sd_ble_gap_rssi_start
                0x0001c280        0x8 obj\debug\components\ble\ble_services\ble_bas\ble_bas.o
 .text.sd_ble_gap_rssi_stop
                0x0001c288        0x8 obj\debug\components\ble\ble_services\ble_bas\ble_bas.o
 .text.sd_ble_gap_rssi_get
                0x0001c290        0x8 obj\debug\components\ble\ble_services\ble_bas\ble_bas.o
 .text.sd_ble_gap_scan_start
                0x0001c298        0x8 obj\debug\components\ble\ble_services\ble_bas\ble_bas.o
 .text.sd_ble_gap_scan_stop
                0x0001c2a0        0x8 obj\debug\components\ble\ble_services\ble_bas\ble_bas.o
 .text.sd_ble_gap_connect
                0x0001c2a8        0x8 obj\debug\components\ble\ble_services\ble_bas\ble_bas.o
 .text.sd_ble_gap_connect_cancel
                0x0001c2b0        0x8 obj\debug\components\ble\ble_services\ble_bas\ble_bas.o
 .text.sd_ble_l2cap_cid_register
                0x0001c2b8        0x8 obj\debug\components\ble\ble_services\ble_bas\ble_bas.o
 .text.sd_ble_l2cap_cid_unregister
                0x0001c2c0        0x8 obj\debug\components\ble\ble_services\ble_bas\ble_bas.o
 .text.sd_ble_l2cap_tx
                0x0001c2c8        0x8 obj\debug\components\ble\ble_services\ble_bas\ble_bas.o
 .text.sd_ble_gattc_primary_services_discover
                0x0001c2d0        0x8 obj\debug\components\ble\ble_services\ble_bas\ble_bas.o
 .text.sd_ble_gattc_relationships_discover
                0x0001c2d8        0x8 obj\debug\components\ble\ble_services\ble_bas\ble_bas.o
 .text.sd_ble_gattc_characteristics_discover
                0x0001c2e0        0x8 obj\debug\components\ble\ble_services\ble_bas\ble_bas.o
 .text.sd_ble_gattc_descriptors_discover
                0x0001c2e8        0x8 obj\debug\components\ble\ble_services\ble_bas\ble_bas.o
 .text.sd_ble_gattc_char_value_by_uuid_read
                0x0001c2f0        0x8 obj\debug\components\ble\ble_services\ble_bas\ble_bas.o
 .text.sd_ble_gattc_read
                0x0001c2f8        0x8 obj\debug\components\ble\ble_services\ble_bas\ble_bas.o
 .text.sd_ble_gattc_char_values_read
                0x0001c300        0x8 obj\debug\components\ble\ble_services\ble_bas\ble_bas.o
 .text.sd_ble_gattc_write
                0x0001c308        0x8 obj\debug\components\ble\ble_services\ble_bas\ble_bas.o
 .text.sd_ble_gattc_hv_confirm
                0x0001c310        0x8 obj\debug\components\ble\ble_services\ble_bas\ble_bas.o
 .text.sd_ble_gattc_attr_info_discover
                0x0001c318        0x8 obj\debug\components\ble\ble_services\ble_bas\ble_bas.o
 .text.sd_ble_gatts_service_add
                0x0001c320        0x8 obj\debug\components\ble\ble_services\ble_bas\ble_bas.o
 .text.sd_ble_gatts_include_add
                0x0001c328        0x8 obj\debug\components\ble\ble_services\ble_bas\ble_bas.o
 .text.sd_ble_gatts_characteristic_add
                0x0001c330        0x8 obj\debug\components\ble\ble_services\ble_bas\ble_bas.o
 .text.sd_ble_gatts_descriptor_add
                0x0001c338        0x8 obj\debug\components\ble\ble_services\ble_bas\ble_bas.o
 .text.sd_ble_gatts_value_set
                0x0001c340        0x8 obj\debug\components\ble\ble_services\ble_bas\ble_bas.o
 .text.sd_ble_gatts_value_get
                0x0001c348        0x8 obj\debug\components\ble\ble_services\ble_bas\ble_bas.o
 .text.sd_ble_gatts_hvx
                0x0001c350        0x8 obj\debug\components\ble\ble_services\ble_bas\ble_bas.o
 .text.sd_ble_gatts_service_changed
                0x0001c358        0x8 obj\debug\components\ble\ble_services\ble_bas\ble_bas.o
 .text.sd_ble_gatts_rw_authorize_reply
                0x0001c360        0x8 obj\debug\components\ble\ble_services\ble_bas\ble_bas.o
 .text.sd_ble_gatts_sys_attr_set
                0x0001c368        0x8 obj\debug\components\ble\ble_services\ble_bas\ble_bas.o
 .text.sd_ble_gatts_sys_attr_get
                0x0001c370        0x8 obj\debug\components\ble\ble_services\ble_bas\ble_bas.o
 .text.sd_ble_gatts_initial_user_handle_get
                0x0001c378        0x8 obj\debug\components\ble\ble_services\ble_bas\ble_bas.o
 .text.sd_ble_gatts_attr_get
                0x0001c380        0x8 obj\debug\components\ble\ble_services\ble_bas\ble_bas.o
 .text.sd_ble_enable
                0x0001c388        0x8 obj\debug\components\ble\ble_services\ble_bas\ble_bas.o
 .text.sd_ble_evt_get
                0x0001c390        0x8 obj\debug\components\ble\ble_services\ble_bas\ble_bas.o
 .text.sd_ble_tx_packet_count_get
                0x0001c398        0x8 obj\debug\components\ble\ble_services\ble_bas\ble_bas.o
 .text.sd_ble_uuid_vs_add
                0x0001c3a0        0x8 obj\debug\components\ble\ble_services\ble_bas\ble_bas.o
 .text.sd_ble_uuid_decode
                0x0001c3a8        0x8 obj\debug\components\ble\ble_services\ble_bas\ble_bas.o
 .text.sd_ble_uuid_encode
                0x0001c3b0        0x8 obj\debug\components\ble\ble_services\ble_bas\ble_bas.o
 .text.sd_ble_version_get
                0x0001c3b8        0x8 obj\debug\components\ble\ble_services\ble_bas\ble_bas.o
 .text.sd_ble_user_mem_reply
                0x0001c3c0        0x8 obj\debug\components\ble\ble_services\ble_bas\ble_bas.o
 .text.sd_ble_opt_set
                0x0001c3c8        0x8 obj\debug\components\ble\ble_services\ble_bas\ble_bas.o
 .text.sd_ble_opt_get
                0x0001c3d0        0x8 obj\debug\components\ble\ble_services\ble_bas\ble_bas.o
 .text.uint16_decode
                0x0001c3d8       0x28 obj\debug\components\ble\ble_services\ble_bas\ble_bas.o
 .text.ble_srv_is_notification_enabled
                0x0001c400       0x30 obj\debug\components\ble\ble_services\ble_bas\ble_bas.o
 .text.on_connect
                0x0001c430       0x1c obj\debug\components\ble\ble_services\ble_bas\ble_bas.o
 .text.on_disconnect
                0x0001c44c       0x1c obj\debug\components\ble\ble_services\ble_bas\ble_bas.o
 .text.on_write
                0x0001c468       0x6c obj\debug\components\ble\ble_services\ble_bas\ble_bas.o
 .text.ble_bas_on_ble_evt
                0x0001c4d4       0x5c obj\debug\components\ble\ble_services\ble_bas\ble_bas.o
                0x0001c4d4                ble_bas_on_ble_evt
 .text.battery_level_char_add
                0x0001c530      0x2cc obj\debug\components\ble\ble_services\ble_bas\ble_bas.o
 .text.ble_bas_init
                0x0001c7fc       0x80 obj\debug\components\ble\ble_services\ble_bas\ble_bas.o
                0x0001c7fc                ble_bas_init
 .text.ble_bas_battery_level_update
                0x0001c87c       0xf4 obj\debug\components\ble\ble_services\ble_bas\ble_bas.o
                0x0001c87c                ble_bas_battery_level_update
 .text          0x0001c970        0x0 obj\debug\components\ble\ble_services\ble_dis\ble_dis.o
 .text.uint16_encode
                0x0001c970       0x34 obj\debug\components\ble\ble_services\ble_dis\ble_dis.o
 .text.sd_ble_gap_address_set
                0x0001c9a4        0x8 obj\debug\components\ble\ble_services\ble_dis\ble_dis.o
 .text.sd_ble_gap_address_get
                0x0001c9ac        0x8 obj\debug\components\ble\ble_services\ble_dis\ble_dis.o
 .text.sd_ble_gap_adv_data_set
                0x0001c9b4        0x8 obj\debug\components\ble\ble_services\ble_dis\ble_dis.o
 .text.sd_ble_gap_adv_start
                0x0001c9bc        0x8 obj\debug\components\ble\ble_services\ble_dis\ble_dis.o
 .text.sd_ble_gap_adv_stop
                0x0001c9c4        0x8 obj\debug\components\ble\ble_services\ble_dis\ble_dis.o
 .text.sd_ble_gap_conn_param_update
                0x0001c9cc        0x8 obj\debug\components\ble\ble_services\ble_dis\ble_dis.o
 .text.sd_ble_gap_disconnect
                0x0001c9d4        0x8 obj\debug\components\ble\ble_services\ble_dis\ble_dis.o
 .text.sd_ble_gap_tx_power_set
                0x0001c9dc        0x8 obj\debug\components\ble\ble_services\ble_dis\ble_dis.o
 .text.sd_ble_gap_appearance_set
                0x0001c9e4        0x8 obj\debug\components\ble\ble_services\ble_dis\ble_dis.o
 .text.sd_ble_gap_appearance_get
                0x0001c9ec        0x8 obj\debug\components\ble\ble_services\ble_dis\ble_dis.o
 .text.sd_ble_gap_ppcp_set
                0x0001c9f4        0x8 obj\debug\components\ble\ble_services\ble_dis\ble_dis.o
 .text.sd_ble_gap_ppcp_get
                0x0001c9fc        0x8 obj\debug\components\ble\ble_services\ble_dis\ble_dis.o
 .text.sd_ble_gap_device_name_set
                0x0001ca04        0x8 obj\debug\components\ble\ble_services\ble_dis\ble_dis.o
 .text.sd_ble_gap_device_name_get
                0x0001ca0c        0x8 obj\debug\components\ble\ble_services\ble_dis\ble_dis.o
 .text.sd_ble_gap_authenticate
                0x0001ca14        0x8 obj\debug\components\ble\ble_services\ble_dis\ble_dis.o
 .text.sd_ble_gap_sec_params_reply
                0x0001ca1c        0x8 obj\debug\components\ble\ble_services\ble_dis\ble_dis.o
 .text.sd_ble_gap_auth_key_reply
                0x0001ca24        0x8 obj\debug\components\ble\ble_services\ble_dis\ble_dis.o
 .text.sd_ble_gap_lesc_dhkey_reply
                0x0001ca2c        0x8 obj\debug\components\ble\ble_services\ble_dis\ble_dis.o
 .text.sd_ble_gap_keypress_notify
                0x0001ca34        0x8 obj\debug\components\ble\ble_services\ble_dis\ble_dis.o
 .text.sd_ble_gap_lesc_oob_data_get
                0x0001ca3c        0x8 obj\debug\components\ble\ble_services\ble_dis\ble_dis.o
 .text.sd_ble_gap_lesc_oob_data_set
                0x0001ca44        0x8 obj\debug\components\ble\ble_services\ble_dis\ble_dis.o
 .text.sd_ble_gap_encrypt
                0x0001ca4c        0x8 obj\debug\components\ble\ble_services\ble_dis\ble_dis.o
 .text.sd_ble_gap_sec_info_reply
                0x0001ca54        0x8 obj\debug\components\ble\ble_services\ble_dis\ble_dis.o
 .text.sd_ble_gap_conn_sec_get
                0x0001ca5c        0x8 obj\debug\components\ble\ble_services\ble_dis\ble_dis.o
 .text.sd_ble_gap_rssi_start
                0x0001ca64        0x8 obj\debug\components\ble\ble_services\ble_dis\ble_dis.o
 .text.sd_ble_gap_rssi_stop
                0x0001ca6c        0x8 obj\debug\components\ble\ble_services\ble_dis\ble_dis.o
 .text.sd_ble_gap_rssi_get
                0x0001ca74        0x8 obj\debug\components\ble\ble_services\ble_dis\ble_dis.o
 .text.sd_ble_gap_scan_start
                0x0001ca7c        0x8 obj\debug\components\ble\ble_services\ble_dis\ble_dis.o
 .text.sd_ble_gap_scan_stop
                0x0001ca84        0x8 obj\debug\components\ble\ble_services\ble_dis\ble_dis.o
 .text.sd_ble_gap_connect
                0x0001ca8c        0x8 obj\debug\components\ble\ble_services\ble_dis\ble_dis.o
 .text.sd_ble_gap_connect_cancel
                0x0001ca94        0x8 obj\debug\components\ble\ble_services\ble_dis\ble_dis.o
 .text.sd_ble_l2cap_cid_register
                0x0001ca9c        0x8 obj\debug\components\ble\ble_services\ble_dis\ble_dis.o
 .text.sd_ble_l2cap_cid_unregister
                0x0001caa4        0x8 obj\debug\components\ble\ble_services\ble_dis\ble_dis.o
 .text.sd_ble_l2cap_tx
                0x0001caac        0x8 obj\debug\components\ble\ble_services\ble_dis\ble_dis.o
 .text.sd_ble_gattc_primary_services_discover
                0x0001cab4        0x8 obj\debug\components\ble\ble_services\ble_dis\ble_dis.o
 .text.sd_ble_gattc_relationships_discover
                0x0001cabc        0x8 obj\debug\components\ble\ble_services\ble_dis\ble_dis.o
 .text.sd_ble_gattc_characteristics_discover
                0x0001cac4        0x8 obj\debug\components\ble\ble_services\ble_dis\ble_dis.o
 .text.sd_ble_gattc_descriptors_discover
                0x0001cacc        0x8 obj\debug\components\ble\ble_services\ble_dis\ble_dis.o
 .text.sd_ble_gattc_char_value_by_uuid_read
                0x0001cad4        0x8 obj\debug\components\ble\ble_services\ble_dis\ble_dis.o
 .text.sd_ble_gattc_read
                0x0001cadc        0x8 obj\debug\components\ble\ble_services\ble_dis\ble_dis.o
 .text.sd_ble_gattc_char_values_read
                0x0001cae4        0x8 obj\debug\components\ble\ble_services\ble_dis\ble_dis.o
 .text.sd_ble_gattc_write
                0x0001caec        0x8 obj\debug\components\ble\ble_services\ble_dis\ble_dis.o
 .text.sd_ble_gattc_hv_confirm
                0x0001caf4        0x8 obj\debug\components\ble\ble_services\ble_dis\ble_dis.o
 .text.sd_ble_gattc_attr_info_discover
                0x0001cafc        0x8 obj\debug\components\ble\ble_services\ble_dis\ble_dis.o
 .text.sd_ble_gatts_service_add
                0x0001cb04        0x8 obj\debug\components\ble\ble_services\ble_dis\ble_dis.o
 .text.sd_ble_gatts_include_add
                0x0001cb0c        0x8 obj\debug\components\ble\ble_services\ble_dis\ble_dis.o
 .text.sd_ble_gatts_characteristic_add
                0x0001cb14        0x8 obj\debug\components\ble\ble_services\ble_dis\ble_dis.o
 .text.sd_ble_gatts_descriptor_add
                0x0001cb1c        0x8 obj\debug\components\ble\ble_services\ble_dis\ble_dis.o
 .text.sd_ble_gatts_value_set
                0x0001cb24        0x8 obj\debug\components\ble\ble_services\ble_dis\ble_dis.o
 .text.sd_ble_gatts_value_get
                0x0001cb2c        0x8 obj\debug\components\ble\ble_services\ble_dis\ble_dis.o
 .text.sd_ble_gatts_hvx
                0x0001cb34        0x8 obj\debug\components\ble\ble_services\ble_dis\ble_dis.o
 .text.sd_ble_gatts_service_changed
                0x0001cb3c        0x8 obj\debug\components\ble\ble_services\ble_dis\ble_dis.o
 .text.sd_ble_gatts_rw_authorize_reply
                0x0001cb44        0x8 obj\debug\components\ble\ble_services\ble_dis\ble_dis.o
 .text.sd_ble_gatts_sys_attr_set
                0x0001cb4c        0x8 obj\debug\components\ble\ble_services\ble_dis\ble_dis.o
 .text.sd_ble_gatts_sys_attr_get
                0x0001cb54        0x8 obj\debug\components\ble\ble_services\ble_dis\ble_dis.o
 .text.sd_ble_gatts_initial_user_handle_get
                0x0001cb5c        0x8 obj\debug\components\ble\ble_services\ble_dis\ble_dis.o
 .text.sd_ble_gatts_attr_get
                0x0001cb64        0x8 obj\debug\components\ble\ble_services\ble_dis\ble_dis.o
 .text.sd_ble_enable
                0x0001cb6c        0x8 obj\debug\components\ble\ble_services\ble_dis\ble_dis.o
 .text.sd_ble_evt_get
                0x0001cb74        0x8 obj\debug\components\ble\ble_services\ble_dis\ble_dis.o
 .text.sd_ble_tx_packet_count_get
                0x0001cb7c        0x8 obj\debug\components\ble\ble_services\ble_dis\ble_dis.o
 .text.sd_ble_uuid_vs_add
                0x0001cb84        0x8 obj\debug\components\ble\ble_services\ble_dis\ble_dis.o
 .text.sd_ble_uuid_decode
                0x0001cb8c        0x8 obj\debug\components\ble\ble_services\ble_dis\ble_dis.o
 .text.sd_ble_uuid_encode
                0x0001cb94        0x8 obj\debug\components\ble\ble_services\ble_dis\ble_dis.o
 .text.sd_ble_version_get
                0x0001cb9c        0x8 obj\debug\components\ble\ble_services\ble_dis\ble_dis.o
 .text.sd_ble_user_mem_reply
                0x0001cba4        0x8 obj\debug\components\ble\ble_services\ble_dis\ble_dis.o
 .text.sd_ble_opt_set
                0x0001cbac        0x8 obj\debug\components\ble\ble_services\ble_dis\ble_dis.o
 .text.sd_ble_opt_get
                0x0001cbb4        0x8 obj\debug\components\ble\ble_services\ble_dis\ble_dis.o
 .text.sys_id_encode
                0x0001cbbc       0xdc obj\debug\components\ble\ble_services\ble_dis\ble_dis.o
 .text.pnp_id_encode
                0x0001cc98       0xf0 obj\debug\components\ble\ble_services\ble_dis\ble_dis.o
 .text.char_add
                0x0001cd88      0x164 obj\debug\components\ble\ble_services\ble_dis\ble_dis.o
 .text.ble_dis_init
                0x0001ceec      0x270 obj\debug\components\ble\ble_services\ble_dis\ble_dis.o
                0x0001ceec                ble_dis_init
 .text          0x0001d15c        0x0 obj\debug\components\ble\ble_services\ble_hids\ble_hids.o
 .text.sd_ble_gap_address_set
                0x0001d15c        0x8 obj\debug\components\ble\ble_services\ble_hids\ble_hids.o
 .text.sd_ble_gap_address_get
                0x0001d164        0x8 obj\debug\components\ble\ble_services\ble_hids\ble_hids.o
 .text.sd_ble_gap_adv_data_set
                0x0001d16c        0x8 obj\debug\components\ble\ble_services\ble_hids\ble_hids.o
 .text.sd_ble_gap_adv_start
                0x0001d174        0x8 obj\debug\components\ble\ble_services\ble_hids\ble_hids.o
 .text.sd_ble_gap_adv_stop
                0x0001d17c        0x8 obj\debug\components\ble\ble_services\ble_hids\ble_hids.o
 .text.sd_ble_gap_conn_param_update
                0x0001d184        0x8 obj\debug\components\ble\ble_services\ble_hids\ble_hids.o
 .text.sd_ble_gap_disconnect
                0x0001d18c        0x8 obj\debug\components\ble\ble_services\ble_hids\ble_hids.o
 .text.sd_ble_gap_tx_power_set
                0x0001d194        0x8 obj\debug\components\ble\ble_services\ble_hids\ble_hids.o
 .text.sd_ble_gap_appearance_set
                0x0001d19c        0x8 obj\debug\components\ble\ble_services\ble_hids\ble_hids.o
 .text.sd_ble_gap_appearance_get
                0x0001d1a4        0x8 obj\debug\components\ble\ble_services\ble_hids\ble_hids.o
 .text.sd_ble_gap_ppcp_set
                0x0001d1ac        0x8 obj\debug\components\ble\ble_services\ble_hids\ble_hids.o
 .text.sd_ble_gap_ppcp_get
                0x0001d1b4        0x8 obj\debug\components\ble\ble_services\ble_hids\ble_hids.o
 .text.sd_ble_gap_device_name_set
                0x0001d1bc        0x8 obj\debug\components\ble\ble_services\ble_hids\ble_hids.o
 .text.sd_ble_gap_device_name_get
                0x0001d1c4        0x8 obj\debug\components\ble\ble_services\ble_hids\ble_hids.o
 .text.sd_ble_gap_authenticate
                0x0001d1cc        0x8 obj\debug\components\ble\ble_services\ble_hids\ble_hids.o
 .text.sd_ble_gap_sec_params_reply
                0x0001d1d4        0x8 obj\debug\components\ble\ble_services\ble_hids\ble_hids.o
 .text.sd_ble_gap_auth_key_reply
                0x0001d1dc        0x8 obj\debug\components\ble\ble_services\ble_hids\ble_hids.o
 .text.sd_ble_gap_lesc_dhkey_reply
                0x0001d1e4        0x8 obj\debug\components\ble\ble_services\ble_hids\ble_hids.o
 .text.sd_ble_gap_keypress_notify
                0x0001d1ec        0x8 obj\debug\components\ble\ble_services\ble_hids\ble_hids.o
 .text.sd_ble_gap_lesc_oob_data_get
                0x0001d1f4        0x8 obj\debug\components\ble\ble_services\ble_hids\ble_hids.o
 .text.sd_ble_gap_lesc_oob_data_set
                0x0001d1fc        0x8 obj\debug\components\ble\ble_services\ble_hids\ble_hids.o
 .text.sd_ble_gap_encrypt
                0x0001d204        0x8 obj\debug\components\ble\ble_services\ble_hids\ble_hids.o
 .text.sd_ble_gap_sec_info_reply
                0x0001d20c        0x8 obj\debug\components\ble\ble_services\ble_hids\ble_hids.o
 .text.sd_ble_gap_conn_sec_get
                0x0001d214        0x8 obj\debug\components\ble\ble_services\ble_hids\ble_hids.o
 .text.sd_ble_gap_rssi_start
                0x0001d21c        0x8 obj\debug\components\ble\ble_services\ble_hids\ble_hids.o
 .text.sd_ble_gap_rssi_stop
                0x0001d224        0x8 obj\debug\components\ble\ble_services\ble_hids\ble_hids.o
 .text.sd_ble_gap_rssi_get
                0x0001d22c        0x8 obj\debug\components\ble\ble_services\ble_hids\ble_hids.o
 .text.sd_ble_gap_scan_start
                0x0001d234        0x8 obj\debug\components\ble\ble_services\ble_hids\ble_hids.o
 .text.sd_ble_gap_scan_stop
                0x0001d23c        0x8 obj\debug\components\ble\ble_services\ble_hids\ble_hids.o
 .text.sd_ble_gap_connect
                0x0001d244        0x8 obj\debug\components\ble\ble_services\ble_hids\ble_hids.o
 .text.sd_ble_gap_connect_cancel
                0x0001d24c        0x8 obj\debug\components\ble\ble_services\ble_hids\ble_hids.o
 .text.sd_ble_l2cap_cid_register
                0x0001d254        0x8 obj\debug\components\ble\ble_services\ble_hids\ble_hids.o
 .text.sd_ble_l2cap_cid_unregister
                0x0001d25c        0x8 obj\debug\components\ble\ble_services\ble_hids\ble_hids.o
 .text.sd_ble_l2cap_tx
                0x0001d264        0x8 obj\debug\components\ble\ble_services\ble_hids\ble_hids.o
 .text.sd_ble_gattc_primary_services_discover
                0x0001d26c        0x8 obj\debug\components\ble\ble_services\ble_hids\ble_hids.o
 .text.sd_ble_gattc_relationships_discover
                0x0001d274        0x8 obj\debug\components\ble\ble_services\ble_hids\ble_hids.o
 .text.sd_ble_gattc_characteristics_discover
                0x0001d27c        0x8 obj\debug\components\ble\ble_services\ble_hids\ble_hids.o
 .text.sd_ble_gattc_descriptors_discover
                0x0001d284        0x8 obj\debug\components\ble\ble_services\ble_hids\ble_hids.o
 .text.sd_ble_gattc_char_value_by_uuid_read
                0x0001d28c        0x8 obj\debug\components\ble\ble_services\ble_hids\ble_hids.o
 .text.sd_ble_gattc_read
                0x0001d294        0x8 obj\debug\components\ble\ble_services\ble_hids\ble_hids.o
 .text.sd_ble_gattc_char_values_read
                0x0001d29c        0x8 obj\debug\components\ble\ble_services\ble_hids\ble_hids.o
 .text.sd_ble_gattc_write
                0x0001d2a4        0x8 obj\debug\components\ble\ble_services\ble_hids\ble_hids.o
 .text.sd_ble_gattc_hv_confirm
                0x0001d2ac        0x8 obj\debug\components\ble\ble_services\ble_hids\ble_hids.o
 .text.sd_ble_gattc_attr_info_discover
                0x0001d2b4        0x8 obj\debug\components\ble\ble_services\ble_hids\ble_hids.o
 .text.sd_ble_gatts_service_add
                0x0001d2bc        0x8 obj\debug\components\ble\ble_services\ble_hids\ble_hids.o
 .text.sd_ble_gatts_include_add
                0x0001d2c4        0x8 obj\debug\components\ble\ble_services\ble_hids\ble_hids.o
 .text.sd_ble_gatts_characteristic_add
                0x0001d2cc        0x8 obj\debug\components\ble\ble_services\ble_hids\ble_hids.o
 .text.sd_ble_gatts_descriptor_add
                0x0001d2d4        0x8 obj\debug\components\ble\ble_services\ble_hids\ble_hids.o
 .text.sd_ble_gatts_value_set
                0x0001d2dc        0x8 obj\debug\components\ble\ble_services\ble_hids\ble_hids.o
 .text.sd_ble_gatts_value_get
                0x0001d2e4        0x8 obj\debug\components\ble\ble_services\ble_hids\ble_hids.o
 .text.sd_ble_gatts_hvx
                0x0001d2ec        0x8 obj\debug\components\ble\ble_services\ble_hids\ble_hids.o
 .text.sd_ble_gatts_service_changed
                0x0001d2f4        0x8 obj\debug\components\ble\ble_services\ble_hids\ble_hids.o
 .text.sd_ble_gatts_rw_authorize_reply
                0x0001d2fc        0x8 obj\debug\components\ble\ble_services\ble_hids\ble_hids.o
 .text.sd_ble_gatts_sys_attr_set
                0x0001d304        0x8 obj\debug\components\ble\ble_services\ble_hids\ble_hids.o
 .text.sd_ble_gatts_sys_attr_get
                0x0001d30c        0x8 obj\debug\components\ble\ble_services\ble_hids\ble_hids.o
 .text.sd_ble_gatts_initial_user_handle_get
                0x0001d314        0x8 obj\debug\components\ble\ble_services\ble_hids\ble_hids.o
 .text.sd_ble_gatts_attr_get
                0x0001d31c        0x8 obj\debug\components\ble\ble_services\ble_hids\ble_hids.o
 .text.sd_ble_enable
                0x0001d324        0x8 obj\debug\components\ble\ble_services\ble_hids\ble_hids.o
 .text.sd_ble_evt_get
                0x0001d32c        0x8 obj\debug\components\ble\ble_services\ble_hids\ble_hids.o
 .text.sd_ble_tx_packet_count_get
                0x0001d334        0x8 obj\debug\components\ble\ble_services\ble_hids\ble_hids.o
 .text.sd_ble_uuid_vs_add
                0x0001d33c        0x8 obj\debug\components\ble\ble_services\ble_hids\ble_hids.o
 .text.sd_ble_uuid_decode
                0x0001d344        0x8 obj\debug\components\ble\ble_services\ble_hids\ble_hids.o
 .text.sd_ble_uuid_encode
                0x0001d34c        0x8 obj\debug\components\ble\ble_services\ble_hids\ble_hids.o
 .text.sd_ble_version_get
                0x0001d354        0x8 obj\debug\components\ble\ble_services\ble_hids\ble_hids.o
 .text.sd_ble_user_mem_reply
                0x0001d35c        0x8 obj\debug\components\ble\ble_services\ble_hids\ble_hids.o
 .text.sd_ble_opt_set
                0x0001d364        0x8 obj\debug\components\ble\ble_services\ble_hids\ble_hids.o
 .text.sd_ble_opt_get
                0x0001d36c        0x8 obj\debug\components\ble\ble_services\ble_hids\ble_hids.o
 .text.uint16_encode
                0x0001d374       0x34 obj\debug\components\ble\ble_services\ble_hids\ble_hids.o
 .text.uint16_decode
                0x0001d3a8       0x28 obj\debug\components\ble\ble_services\ble_hids\ble_hids.o
 .text.ble_srv_is_notification_enabled
                0x0001d3d0       0x30 obj\debug\components\ble\ble_services\ble_hids\ble_hids.o
 .text.make_char_id
                0x0001d400       0x74 obj\debug\components\ble\ble_services\ble_hids\ble_hids.o
 .text.on_connect
                0x0001d474       0x88 obj\debug\components\ble\ble_services\ble_hids\ble_hids.o
 .text.on_disconnect
                0x0001d4fc       0x20 obj\debug\components\ble\ble_services\ble_hids\ble_hids.o
 .text.on_control_point_write
                0x0001d51c       0x50 obj\debug\components\ble\ble_services\ble_hids\ble_hids.o
 .text.on_protocol_mode_write
                0x0001d56c       0x50 obj\debug\components\ble\ble_services\ble_hids\ble_hids.o
 .text.on_report_cccd_write
                0x0001d5bc       0x64 obj\debug\components\ble\ble_services\ble_hids\ble_hids.o
 .text.on_report_value_write
                0x0001d620       0x64 obj\debug\components\ble\ble_services\ble_hids\ble_hids.o
 .text.on_report_value_read_auth
                0x0001d684       0x4c obj\debug\components\ble\ble_services\ble_hids\ble_hids.o
 .text.inp_rep_cccd_identify
                0x0001d6d0       0x88 obj\debug\components\ble\ble_services\ble_hids\ble_hids.o
 .text.rep_value_identify
                0x0001d758      0x160 obj\debug\components\ble\ble_services\ble_hids\ble_hids.o
 .text.on_write
                0x0001d8b8      0x178 obj\debug\components\ble\ble_services\ble_hids\ble_hids.o
 .text.on_rw_authorize_request
                0x0001da30       0x44 obj\debug\components\ble\ble_services\ble_hids\ble_hids.o
 .text.ble_hids_on_ble_evt
                0x0001da74       0x64 obj\debug\components\ble\ble_services\ble_hids\ble_hids.o
                0x0001da74                ble_hids_on_ble_evt
 .text.protocol_mode_char_add
                0x0001dad8      0x130 obj\debug\components\ble\ble_services\ble_hids\ble_hids.o
 .text.rep_char_add
                0x0001dc08      0x28c obj\debug\components\ble\ble_services\ble_hids\ble_hids.o
 .text.rep_map_char_add
                0x0001de94      0x294 obj\debug\components\ble\ble_services\ble_hids\ble_hids.o
 .text.boot_inp_rep_char_add
                0x0001e128      0x1b4 obj\debug\components\ble\ble_services\ble_hids\ble_hids.o
 .text.boot_kb_outp_rep_char_add
                0x0001e2dc      0x138 obj\debug\components\ble\ble_services\ble_hids\ble_hids.o
 .text.encode_hid_information
                0x0001e414       0x80 obj\debug\components\ble\ble_services\ble_hids\ble_hids.o
 .text.hid_information_char_add
                0x0001e494      0x144 obj\debug\components\ble\ble_services\ble_hids\ble_hids.o
 .text.hid_control_point_char_add
                0x0001e5d8      0x124 obj\debug\components\ble\ble_services\ble_hids\ble_hids.o
 .text.inp_rep_characteristics_add
                0x0001e6fc      0x104 obj\debug\components\ble\ble_services\ble_hids\ble_hids.o
 .text.outp_rep_characteristics_add
                0x0001e800       0xe8 obj\debug\components\ble\ble_services\ble_hids\ble_hids.o
 .text.feature_rep_characteristics_add
                0x0001e8e8       0xd8 obj\debug\components\ble\ble_services\ble_hids\ble_hids.o
 .text.includes_add
                0x0001e9c0       0x68 obj\debug\components\ble\ble_services\ble_hids\ble_hids.o
 .text.ble_hids_init
                0x0001ea28      0x208 obj\debug\components\ble\ble_services\ble_hids\ble_hids.o
                0x0001ea28                ble_hids_init
 .text.ble_hids_inp_rep_send
                0x0001ec30       0xe4 obj\debug\components\ble\ble_services\ble_hids\ble_hids.o
                0x0001ec30                ble_hids_inp_rep_send
 .text.ble_hids_boot_kb_inp_rep_send
                0x0001ed14       0xb0 obj\debug\components\ble\ble_services\ble_hids\ble_hids.o
                0x0001ed14                ble_hids_boot_kb_inp_rep_send
 .text.ble_hids_boot_mouse_inp_rep_send
                0x0001edc4      0x128 obj\debug\components\ble\ble_services\ble_hids\ble_hids.o
                0x0001edc4                ble_hids_boot_mouse_inp_rep_send
 .text.ble_hids_outp_rep_get
                0x0001eeec       0x80 obj\debug\components\ble\ble_services\ble_hids\ble_hids.o
                0x0001eeec                ble_hids_outp_rep_get
 .text          0x0001ef6c        0x0 obj\debug\components\ble\common\ble_advdata.o
 .text.sd_ble_gap_address_set
                0x0001ef6c        0x8 obj\debug\components\ble\common\ble_advdata.o
 .text.sd_ble_gap_address_get
                0x0001ef74        0x8 obj\debug\components\ble\common\ble_advdata.o
 .text.sd_ble_gap_adv_data_set
                0x0001ef7c        0x8 obj\debug\components\ble\common\ble_advdata.o
 .text.sd_ble_gap_adv_start
                0x0001ef84        0x8 obj\debug\components\ble\common\ble_advdata.o
 .text.sd_ble_gap_adv_stop
                0x0001ef8c        0x8 obj\debug\components\ble\common\ble_advdata.o
 .text.sd_ble_gap_conn_param_update
                0x0001ef94        0x8 obj\debug\components\ble\common\ble_advdata.o
 .text.sd_ble_gap_disconnect
                0x0001ef9c        0x8 obj\debug\components\ble\common\ble_advdata.o
 .text.sd_ble_gap_tx_power_set
                0x0001efa4        0x8 obj\debug\components\ble\common\ble_advdata.o
 .text.sd_ble_gap_appearance_set
                0x0001efac        0x8 obj\debug\components\ble\common\ble_advdata.o
 .text.sd_ble_gap_appearance_get
                0x0001efb4        0x8 obj\debug\components\ble\common\ble_advdata.o
 .text.sd_ble_gap_ppcp_set
                0x0001efbc        0x8 obj\debug\components\ble\common\ble_advdata.o
 .text.sd_ble_gap_ppcp_get
                0x0001efc4        0x8 obj\debug\components\ble\common\ble_advdata.o
 .text.sd_ble_gap_device_name_set
                0x0001efcc        0x8 obj\debug\components\ble\common\ble_advdata.o
 .text.sd_ble_gap_device_name_get
                0x0001efd4        0x8 obj\debug\components\ble\common\ble_advdata.o
 .text.sd_ble_gap_authenticate
                0x0001efdc        0x8 obj\debug\components\ble\common\ble_advdata.o
 .text.sd_ble_gap_sec_params_reply
                0x0001efe4        0x8 obj\debug\components\ble\common\ble_advdata.o
 .text.sd_ble_gap_auth_key_reply
                0x0001efec        0x8 obj\debug\components\ble\common\ble_advdata.o
 .text.sd_ble_gap_lesc_dhkey_reply
                0x0001eff4        0x8 obj\debug\components\ble\common\ble_advdata.o
 .text.sd_ble_gap_keypress_notify
                0x0001effc        0x8 obj\debug\components\ble\common\ble_advdata.o
 .text.sd_ble_gap_lesc_oob_data_get
                0x0001f004        0x8 obj\debug\components\ble\common\ble_advdata.o
 .text.sd_ble_gap_lesc_oob_data_set
                0x0001f00c        0x8 obj\debug\components\ble\common\ble_advdata.o
 .text.sd_ble_gap_encrypt
                0x0001f014        0x8 obj\debug\components\ble\common\ble_advdata.o
 .text.sd_ble_gap_sec_info_reply
                0x0001f01c        0x8 obj\debug\components\ble\common\ble_advdata.o
 .text.sd_ble_gap_conn_sec_get
                0x0001f024        0x8 obj\debug\components\ble\common\ble_advdata.o
 .text.sd_ble_gap_rssi_start
                0x0001f02c        0x8 obj\debug\components\ble\common\ble_advdata.o
 .text.sd_ble_gap_rssi_stop
                0x0001f034        0x8 obj\debug\components\ble\common\ble_advdata.o
 .text.sd_ble_gap_rssi_get
                0x0001f03c        0x8 obj\debug\components\ble\common\ble_advdata.o
 .text.sd_ble_gap_scan_start
                0x0001f044        0x8 obj\debug\components\ble\common\ble_advdata.o
 .text.sd_ble_gap_scan_stop
                0x0001f04c        0x8 obj\debug\components\ble\common\ble_advdata.o
 .text.sd_ble_gap_connect
                0x0001f054        0x8 obj\debug\components\ble\common\ble_advdata.o
 .text.sd_ble_gap_connect_cancel
                0x0001f05c        0x8 obj\debug\components\ble\common\ble_advdata.o
 .text.sd_ble_l2cap_cid_register
                0x0001f064        0x8 obj\debug\components\ble\common\ble_advdata.o
 .text.sd_ble_l2cap_cid_unregister
                0x0001f06c        0x8 obj\debug\components\ble\common\ble_advdata.o
 .text.sd_ble_l2cap_tx
                0x0001f074        0x8 obj\debug\components\ble\common\ble_advdata.o
 .text.sd_ble_gattc_primary_services_discover
                0x0001f07c        0x8 obj\debug\components\ble\common\ble_advdata.o
 .text.sd_ble_gattc_relationships_discover
                0x0001f084        0x8 obj\debug\components\ble\common\ble_advdata.o
 .text.sd_ble_gattc_characteristics_discover
                0x0001f08c        0x8 obj\debug\components\ble\common\ble_advdata.o
 .text.sd_ble_gattc_descriptors_discover
                0x0001f094        0x8 obj\debug\components\ble\common\ble_advdata.o
 .text.sd_ble_gattc_char_value_by_uuid_read
                0x0001f09c        0x8 obj\debug\components\ble\common\ble_advdata.o
 .text.sd_ble_gattc_read
                0x0001f0a4        0x8 obj\debug\components\ble\common\ble_advdata.o
 .text.sd_ble_gattc_char_values_read
                0x0001f0ac        0x8 obj\debug\components\ble\common\ble_advdata.o
 .text.sd_ble_gattc_write
                0x0001f0b4        0x8 obj\debug\components\ble\common\ble_advdata.o
 .text.sd_ble_gattc_hv_confirm
                0x0001f0bc        0x8 obj\debug\components\ble\common\ble_advdata.o
 .text.sd_ble_gattc_attr_info_discover
                0x0001f0c4        0x8 obj\debug\components\ble\common\ble_advdata.o
 .text.sd_ble_gatts_service_add
                0x0001f0cc        0x8 obj\debug\components\ble\common\ble_advdata.o
 .text.sd_ble_gatts_include_add
                0x0001f0d4        0x8 obj\debug\components\ble\common\ble_advdata.o
 .text.sd_ble_gatts_characteristic_add
                0x0001f0dc        0x8 obj\debug\components\ble\common\ble_advdata.o
 .text.sd_ble_gatts_descriptor_add
                0x0001f0e4        0x8 obj\debug\components\ble\common\ble_advdata.o
 .text.sd_ble_gatts_value_set
                0x0001f0ec        0x8 obj\debug\components\ble\common\ble_advdata.o
 .text.sd_ble_gatts_value_get
                0x0001f0f4        0x8 obj\debug\components\ble\common\ble_advdata.o
 .text.sd_ble_gatts_hvx
                0x0001f0fc        0x8 obj\debug\components\ble\common\ble_advdata.o
 .text.sd_ble_gatts_service_changed
                0x0001f104        0x8 obj\debug\components\ble\common\ble_advdata.o
 .text.sd_ble_gatts_rw_authorize_reply
                0x0001f10c        0x8 obj\debug\components\ble\common\ble_advdata.o
 .text.sd_ble_gatts_sys_attr_set
                0x0001f114        0x8 obj\debug\components\ble\common\ble_advdata.o
 .text.sd_ble_gatts_sys_attr_get
                0x0001f11c        0x8 obj\debug\components\ble\common\ble_advdata.o
 .text.sd_ble_gatts_initial_user_handle_get
                0x0001f124        0x8 obj\debug\components\ble\common\ble_advdata.o
 .text.sd_ble_gatts_attr_get
                0x0001f12c        0x8 obj\debug\components\ble\common\ble_advdata.o
 .text.sd_ble_enable
                0x0001f134        0x8 obj\debug\components\ble\common\ble_advdata.o
 .text.sd_ble_evt_get
                0x0001f13c        0x8 obj\debug\components\ble\common\ble_advdata.o
 .text.sd_ble_tx_packet_count_get
                0x0001f144        0x8 obj\debug\components\ble\common\ble_advdata.o
 .text.sd_ble_uuid_vs_add
                0x0001f14c        0x8 obj\debug\components\ble\common\ble_advdata.o
 .text.sd_ble_uuid_decode
                0x0001f154        0x8 obj\debug\components\ble\common\ble_advdata.o
 .text.sd_ble_uuid_encode
                0x0001f15c        0x8 obj\debug\components\ble\common\ble_advdata.o
 .text.sd_ble_version_get
                0x0001f164        0x8 obj\debug\components\ble\common\ble_advdata.o
 .text.sd_ble_user_mem_reply
                0x0001f16c        0x8 obj\debug\components\ble\common\ble_advdata.o
 .text.sd_ble_opt_set
                0x0001f174        0x8 obj\debug\components\ble\common\ble_advdata.o
 .text.sd_ble_opt_get
                0x0001f17c        0x8 obj\debug\components\ble\common\ble_advdata.o
 .text.uint16_encode
                0x0001f184       0x34 obj\debug\components\ble\common\ble_advdata.o
 .text.tk_value_encode
                0x0001f1b8       0xb0 obj\debug\components\ble\common\ble_advdata.o
 .text.le_role_encode
                0x0001f268       0xdc obj\debug\components\ble\common\ble_advdata.o
 .text.ble_device_addr_encode
                0x0001f344       0xd0 obj\debug\components\ble\common\ble_advdata.o
 .text.name_encode
                0x0001f414      0x164 obj\debug\components\ble\common\ble_advdata.o
 .text.appearance_encode
                0x0001f578       0xa0 obj\debug\components\ble\common\ble_advdata.o
 .text.flags_encode
                0x0001f618       0x8c obj\debug\components\ble\common\ble_advdata.o
 .text.sec_mgr_oob_flags_encode
                0x0001f6a4       0x8c obj\debug\components\ble\common\ble_advdata.o
 .text.tx_power_level_encode
                0x0001f730       0x8c obj\debug\components\ble\common\ble_advdata.o
 .text.uuid_list_sized_encode
                0x0001f7bc      0x194 obj\debug\components\ble\common\ble_advdata.o
 .text.uuid_list_encode
                0x0001f950       0x80 obj\debug\components\ble\common\ble_advdata.o
 .text.conn_int_check
                0x0001f9d0       0x80 obj\debug\components\ble\common\ble_advdata.o
 .text.conn_int_encode
                0x0001fa50       0xc8 obj\debug\components\ble\common\ble_advdata.o
 .text.manuf_specific_data_encode
                0x0001fb18       0xe4 obj\debug\components\ble\common\ble_advdata.o
 .text.service_data_encode
                0x0001fbfc      0x118 obj\debug\components\ble\common\ble_advdata.o
 .text.adv_data_encode
                0x0001fd14      0x288 obj\debug\components\ble\common\ble_advdata.o
                0x0001fd14                adv_data_encode
 .text.advdata_check
                0x0001ff9c       0x24 obj\debug\components\ble\common\ble_advdata.o
 .text.srdata_check
                0x0001ffc0       0x20 obj\debug\components\ble\common\ble_advdata.o
 .text.ble_advdata_set
                0x0001ffe0       0xd8 obj\debug\components\ble\common\ble_advdata.o
                0x0001ffe0                ble_advdata_set
 .text          0x000200b8        0x0 obj\debug\components\ble\common\ble_conn_params.o
 .text.sd_ble_gap_address_set
                0x000200b8        0x8 obj\debug\components\ble\common\ble_conn_params.o
 .text.sd_ble_gap_address_get
                0x000200c0        0x8 obj\debug\components\ble\common\ble_conn_params.o
 .text.sd_ble_gap_adv_data_set
                0x000200c8        0x8 obj\debug\components\ble\common\ble_conn_params.o
 .text.sd_ble_gap_adv_start
                0x000200d0        0x8 obj\debug\components\ble\common\ble_conn_params.o
 .text.sd_ble_gap_adv_stop
                0x000200d8        0x8 obj\debug\components\ble\common\ble_conn_params.o
 .text.sd_ble_gap_conn_param_update
                0x000200e0        0x8 obj\debug\components\ble\common\ble_conn_params.o
 .text.sd_ble_gap_disconnect
                0x000200e8        0x8 obj\debug\components\ble\common\ble_conn_params.o
 .text.sd_ble_gap_tx_power_set
                0x000200f0        0x8 obj\debug\components\ble\common\ble_conn_params.o
 .text.sd_ble_gap_appearance_set
                0x000200f8        0x8 obj\debug\components\ble\common\ble_conn_params.o
 .text.sd_ble_gap_appearance_get
                0x00020100        0x8 obj\debug\components\ble\common\ble_conn_params.o
 .text.sd_ble_gap_ppcp_set
                0x00020108        0x8 obj\debug\components\ble\common\ble_conn_params.o
 .text.sd_ble_gap_ppcp_get
                0x00020110        0x8 obj\debug\components\ble\common\ble_conn_params.o
 .text.sd_ble_gap_device_name_set
                0x00020118        0x8 obj\debug\components\ble\common\ble_conn_params.o
 .text.sd_ble_gap_device_name_get
                0x00020120        0x8 obj\debug\components\ble\common\ble_conn_params.o
 .text.sd_ble_gap_authenticate
                0x00020128        0x8 obj\debug\components\ble\common\ble_conn_params.o
 .text.sd_ble_gap_sec_params_reply
                0x00020130        0x8 obj\debug\components\ble\common\ble_conn_params.o
 .text.sd_ble_gap_auth_key_reply
                0x00020138        0x8 obj\debug\components\ble\common\ble_conn_params.o
 .text.sd_ble_gap_lesc_dhkey_reply
                0x00020140        0x8 obj\debug\components\ble\common\ble_conn_params.o
 .text.sd_ble_gap_keypress_notify
                0x00020148        0x8 obj\debug\components\ble\common\ble_conn_params.o
 .text.sd_ble_gap_lesc_oob_data_get
                0x00020150        0x8 obj\debug\components\ble\common\ble_conn_params.o
 .text.sd_ble_gap_lesc_oob_data_set
                0x00020158        0x8 obj\debug\components\ble\common\ble_conn_params.o
 .text.sd_ble_gap_encrypt
                0x00020160        0x8 obj\debug\components\ble\common\ble_conn_params.o
 .text.sd_ble_gap_sec_info_reply
                0x00020168        0x8 obj\debug\components\ble\common\ble_conn_params.o
 .text.sd_ble_gap_conn_sec_get
                0x00020170        0x8 obj\debug\components\ble\common\ble_conn_params.o
 .text.sd_ble_gap_rssi_start
                0x00020178        0x8 obj\debug\components\ble\common\ble_conn_params.o
 .text.sd_ble_gap_rssi_stop
                0x00020180        0x8 obj\debug\components\ble\common\ble_conn_params.o
 .text.sd_ble_gap_rssi_get
                0x00020188        0x8 obj\debug\components\ble\common\ble_conn_params.o
 .text.sd_ble_gap_scan_start
                0x00020190        0x8 obj\debug\components\ble\common\ble_conn_params.o
 .text.sd_ble_gap_scan_stop
                0x00020198        0x8 obj\debug\components\ble\common\ble_conn_params.o
 .text.sd_ble_gap_connect
                0x000201a0        0x8 obj\debug\components\ble\common\ble_conn_params.o
 .text.sd_ble_gap_connect_cancel
                0x000201a8        0x8 obj\debug\components\ble\common\ble_conn_params.o
 .text.sd_ble_l2cap_cid_register
                0x000201b0        0x8 obj\debug\components\ble\common\ble_conn_params.o
 .text.sd_ble_l2cap_cid_unregister
                0x000201b8        0x8 obj\debug\components\ble\common\ble_conn_params.o
 .text.sd_ble_l2cap_tx
                0x000201c0        0x8 obj\debug\components\ble\common\ble_conn_params.o
 .text.sd_ble_gattc_primary_services_discover
                0x000201c8        0x8 obj\debug\components\ble\common\ble_conn_params.o
 .text.sd_ble_gattc_relationships_discover
                0x000201d0        0x8 obj\debug\components\ble\common\ble_conn_params.o
 .text.sd_ble_gattc_characteristics_discover
                0x000201d8        0x8 obj\debug\components\ble\common\ble_conn_params.o
 .text.sd_ble_gattc_descriptors_discover
                0x000201e0        0x8 obj\debug\components\ble\common\ble_conn_params.o
 .text.sd_ble_gattc_char_value_by_uuid_read
                0x000201e8        0x8 obj\debug\components\ble\common\ble_conn_params.o
 .text.sd_ble_gattc_read
                0x000201f0        0x8 obj\debug\components\ble\common\ble_conn_params.o
 .text.sd_ble_gattc_char_values_read
                0x000201f8        0x8 obj\debug\components\ble\common\ble_conn_params.o
 .text.sd_ble_gattc_write
                0x00020200        0x8 obj\debug\components\ble\common\ble_conn_params.o
 .text.sd_ble_gattc_hv_confirm
                0x00020208        0x8 obj\debug\components\ble\common\ble_conn_params.o
 .text.sd_ble_gattc_attr_info_discover
                0x00020210        0x8 obj\debug\components\ble\common\ble_conn_params.o
 .text.sd_ble_gatts_service_add
                0x00020218        0x8 obj\debug\components\ble\common\ble_conn_params.o
 .text.sd_ble_gatts_include_add
                0x00020220        0x8 obj\debug\components\ble\common\ble_conn_params.o
 .text.sd_ble_gatts_characteristic_add
                0x00020228        0x8 obj\debug\components\ble\common\ble_conn_params.o
 .text.sd_ble_gatts_descriptor_add
                0x00020230        0x8 obj\debug\components\ble\common\ble_conn_params.o
 .text.sd_ble_gatts_value_set
                0x00020238        0x8 obj\debug\components\ble\common\ble_conn_params.o
 .text.sd_ble_gatts_value_get
                0x00020240        0x8 obj\debug\components\ble\common\ble_conn_params.o
 .text.sd_ble_gatts_hvx
                0x00020248        0x8 obj\debug\components\ble\common\ble_conn_params.o
 .text.sd_ble_gatts_service_changed
                0x00020250        0x8 obj\debug\components\ble\common\ble_conn_params.o
 .text.sd_ble_gatts_rw_authorize_reply
                0x00020258        0x8 obj\debug\components\ble\common\ble_conn_params.o
 .text.sd_ble_gatts_sys_attr_set
                0x00020260        0x8 obj\debug\components\ble\common\ble_conn_params.o
 .text.sd_ble_gatts_sys_attr_get
                0x00020268        0x8 obj\debug\components\ble\common\ble_conn_params.o
 .text.sd_ble_gatts_initial_user_handle_get
                0x00020270        0x8 obj\debug\components\ble\common\ble_conn_params.o
 .text.sd_ble_gatts_attr_get
                0x00020278        0x8 obj\debug\components\ble\common\ble_conn_params.o
 .text.sd_ble_enable
                0x00020280        0x8 obj\debug\components\ble\common\ble_conn_params.o
 .text.sd_ble_evt_get
                0x00020288        0x8 obj\debug\components\ble\common\ble_conn_params.o
 .text.sd_ble_tx_packet_count_get
                0x00020290        0x8 obj\debug\components\ble\common\ble_conn_params.o
 .text.sd_ble_uuid_vs_add
                0x00020298        0x8 obj\debug\components\ble\common\ble_conn_params.o
 .text.sd_ble_uuid_decode
                0x000202a0        0x8 obj\debug\components\ble\common\ble_conn_params.o
 .text.sd_ble_uuid_encode
                0x000202a8        0x8 obj\debug\components\ble\common\ble_conn_params.o
 .text.sd_ble_version_get
                0x000202b0        0x8 obj\debug\components\ble\common\ble_conn_params.o
 .text.sd_ble_user_mem_reply
                0x000202b8        0x8 obj\debug\components\ble\common\ble_conn_params.o
 .text.sd_ble_opt_set
                0x000202c0        0x8 obj\debug\components\ble\common\ble_conn_params.o
 .text.sd_ble_opt_get
                0x000202c8        0x8 obj\debug\components\ble\common\ble_conn_params.o
 .text.uint16_decode
                0x000202d0       0x28 obj\debug\components\ble\common\ble_conn_params.o
 .text.ble_srv_is_notification_enabled
                0x000202f8       0x30 obj\debug\components\ble\common\ble_conn_params.o
 .text.is_conn_params_ok
                0x00020328       0x34 obj\debug\components\ble\common\ble_conn_params.o
 .text.update_timeout_handler
                0x0002035c       0xc4 obj\debug\components\ble\common\ble_conn_params.o
 .text.ble_conn_params_init
                0x00020420       0xa4 obj\debug\components\ble\common\ble_conn_params.o
                0x00020420                ble_conn_params_init
 .text.ble_conn_params_stop
                0x000204c4       0x18 obj\debug\components\ble\common\ble_conn_params.o
                0x000204c4                ble_conn_params_stop
 .text.conn_params_negotiation
                0x000204dc       0xb8 obj\debug\components\ble\common\ble_conn_params.o
 .text.on_connect
                0x00020594       0x44 obj\debug\components\ble\common\ble_conn_params.o
 .text.on_disconnect
                0x000205d8       0x54 obj\debug\components\ble\common\ble_conn_params.o
 .text.on_write
                0x0002062c       0x6c obj\debug\components\ble\common\ble_conn_params.o
 .text.on_conn_params_update
                0x00020698       0x24 obj\debug\components\ble\common\ble_conn_params.o
 .text.ble_conn_params_on_ble_evt
                0x000206bc       0x54 obj\debug\components\ble\common\ble_conn_params.o
                0x000206bc                ble_conn_params_on_ble_evt
 .text.ble_conn_params_change_conn_params
                0x00020710       0xa4 obj\debug\components\ble\common\ble_conn_params.o
                0x00020710                ble_conn_params_change_conn_params
 .text          0x000207b4        0x0 obj\debug\components\ble\common\ble_srv_common.o
 .text.sd_ble_gap_address_set
                0x000207b4        0x8 obj\debug\components\ble\common\ble_srv_common.o
 .text.sd_ble_gap_address_get
                0x000207bc        0x8 obj\debug\components\ble\common\ble_srv_common.o
 .text.sd_ble_gap_adv_data_set
                0x000207c4        0x8 obj\debug\components\ble\common\ble_srv_common.o
 .text.sd_ble_gap_adv_start
                0x000207cc        0x8 obj\debug\components\ble\common\ble_srv_common.o
 .text.sd_ble_gap_adv_stop
                0x000207d4        0x8 obj\debug\components\ble\common\ble_srv_common.o
 .text.sd_ble_gap_conn_param_update
                0x000207dc        0x8 obj\debug\components\ble\common\ble_srv_common.o
 .text.sd_ble_gap_disconnect
                0x000207e4        0x8 obj\debug\components\ble\common\ble_srv_common.o
 .text.sd_ble_gap_tx_power_set
                0x000207ec        0x8 obj\debug\components\ble\common\ble_srv_common.o
 .text.sd_ble_gap_appearance_set
                0x000207f4        0x8 obj\debug\components\ble\common\ble_srv_common.o
 .text.sd_ble_gap_appearance_get
                0x000207fc        0x8 obj\debug\components\ble\common\ble_srv_common.o
 .text.sd_ble_gap_ppcp_set
                0x00020804        0x8 obj\debug\components\ble\common\ble_srv_common.o
 .text.sd_ble_gap_ppcp_get
                0x0002080c        0x8 obj\debug\components\ble\common\ble_srv_common.o
 .text.sd_ble_gap_device_name_set
                0x00020814        0x8 obj\debug\components\ble\common\ble_srv_common.o
 .text.sd_ble_gap_device_name_get
                0x0002081c        0x8 obj\debug\components\ble\common\ble_srv_common.o
 .text.sd_ble_gap_authenticate
                0x00020824        0x8 obj\debug\components\ble\common\ble_srv_common.o
 .text.sd_ble_gap_sec_params_reply
                0x0002082c        0x8 obj\debug\components\ble\common\ble_srv_common.o
 .text.sd_ble_gap_auth_key_reply
                0x00020834        0x8 obj\debug\components\ble\common\ble_srv_common.o
 .text.sd_ble_gap_lesc_dhkey_reply
                0x0002083c        0x8 obj\debug\components\ble\common\ble_srv_common.o
 .text.sd_ble_gap_keypress_notify
[...]
 .debug_abbrev  0x00001163      0x24c obj\debug\components\ble\common\ble_srv_common.o
 .debug_abbrev  0x000013af      0x323 obj\debug\components\ble\device_manager\device_manager_peripheral.o
 .debug_abbrev  0x000016d2      0x360 obj\debug\components\drivers_nrf\adc\nrf_drv_adc.o
 .debug_abbrev  0x00001a32      0x1d5 obj\debug\components\drivers_nrf\common\nrf_drv_common.o
 .debug_abbrev  0x00001c07       0xba obj\debug\components\drivers_nrf\delay\nrf_delay.o
 .debug_abbrev  0x00001cc1      0x11e obj\debug\components\drivers_nrf\hal\nrf_ecb.o
 .debug_abbrev  0x00001ddf      0x12b obj\debug\components\drivers_nrf\hal\nrf_nvmc.o
 .debug_abbrev  0x00001f0a      0x2fe obj\debug\components\drivers_nrf\ppi\nrf_drv_ppi.o
 .debug_abbrev  0x00002208      0x2ed obj\debug\components\drivers_nrf\pstorage\pstorage.o
 .debug_abbrev  0x000024f5      0x342 obj\debug\components\drivers_nrf\spi_master\nrf_drv_spi.o
 .debug_abbrev  0x00002837      0x292 obj\debug\components\drivers_nrf\timer\nrf_drv_timer.o
 .debug_abbrev  0x00002ac9      0x385 obj\debug\components\drivers_nrf\uart\nrf_drv_uart.o
 .debug_abbrev  0x00002e4e      0x12a obj\debug\components\libraries\fifo\app_fifo.o
 .debug_abbrev  0x00002f78      0x2f6 obj\debug\components\libraries\fstorage\fstorage.o
 .debug_abbrev  0x0000326e      0x245 obj\debug\components\libraries\scheduler\app_scheduler.o
 .debug_abbrev  0x000034b3       0xcf obj\debug\components\libraries\sensorsim\sensorsim.o
 .debug_abbrev  0x00003582       0xe6 obj\debug\components\libraries\timer\app_timer_appsh.o
 .debug_abbrev  0x00003668      0x3f0 obj\debug\components\libraries\timer\app_timer_ble_gzll.o
 .debug_abbrev  0x00003a58       0x26 obj\debug\components\libraries\trace\app_trace.o
 .debug_abbrev  0x00003a7e      0x231 obj\debug\components\libraries\uart\app_uart_fifo.o
 .debug_abbrev  0x00003caf      0x245 obj\debug\components\libraries\uart\retarget.o
 .debug_abbrev  0x00003ef4      0x109 obj\debug\components\libraries\util\app_error.o
 .debug_abbrev  0x00003ffd      0x10e obj\debug\components\libraries\util\app_error_weak.o
 .debug_abbrev  0x0000410b      0x2b1 obj\debug\components\libraries\util\app_util_platform.o
 .debug_abbrev  0x000043bc       0x44 obj\debug\components\libraries\util\nrf_assert.o
 .debug_abbrev  0x00004400       0xc9 obj\debug\components\libraries\util\nrf_log.o
 .debug_abbrev  0x000044c9      0x3c2 obj\debug\components\softdevice\common\softdevice_handler\softdevice_handler.o
 .debug_abbrev  0x0000488b      0x25a obj\debug\components\softdevice\common\softdevice_handler\softdevice_handler_appsh.o
 .debug_abbrev  0x00004ae5       0xf1 obj\debug\components\toolchain\system_nrf51.o
 .debug_abbrev  0x00004bd6      0x2d1 obj\debug\source\adc\adc_hal.o
 .debug_abbrev  0x00004ea7      0x3b7 obj\debug\source\app\ble_stack.o
 .debug_abbrev  0x0000525e       0xe6 obj\debug\source\app\main.o
 .debug_abbrev  0x00005344      0x19a obj\debug\source\gpio\gpio_hal.o

.debug_aranges  0x00000000     0x4490
 .debug_aranges
                0x00000000      0x3d8 obj\debug\components\ble\ble_advertising\ble_advertising.o
 .debug_aranges
                0x000003d8      0x278 obj\debug\components\ble\ble_services\ble_bas\ble_bas.o
 .debug_aranges
                0x00000650      0x258 obj\debug\components\ble\ble_services\ble_dis\ble_dis.o
 .debug_aranges
                0x000008a8      0x338 obj\debug\components\ble\ble_services\ble_hids\ble_hids.o
 .debug_aranges
                0x00000be0      0x2c8 obj\debug\components\ble\common\ble_advdata.o
 .debug_aranges
                0x00000ea8      0x298 obj\debug\components\ble\common\ble_conn_params.o
 .debug_aranges
                0x00001140      0x258 obj\debug\components\ble\common\ble_srv_common.o
 .debug_aranges
                0x00001398      0x3c0 obj\debug\components\ble\device_manager\device_manager_peripheral.o
 .debug_aranges
                0x00001758      0x218 obj\debug\components\drivers_nrf\adc\nrf_drv_adc.o
 .debug_aranges
                0x00001970      0x188 obj\debug\components\drivers_nrf\common\nrf_drv_common.o
 .debug_aranges
                0x00001af8       0x20 obj\debug\components\drivers_nrf\delay\nrf_delay.o
 .debug_aranges
                0x00001b18       0x30 obj\debug\components\drivers_nrf\hal\nrf_ecb.o
 .debug_aranges
                0x00001b48       0x40 obj\debug\components\drivers_nrf\hal\nrf_nvmc.o
 .debug_aranges
                0x00001b88      0x290 obj\debug\components\drivers_nrf\ppi\nrf_drv_ppi.o
 .debug_aranges
                0x00001e18      0x338 obj\debug\components\drivers_nrf\pstorage\pstorage.o
 .debug_aranges
                0x00002150      0x240 obj\debug\components\drivers_nrf\spi_master\nrf_drv_spi.o
 .debug_aranges
                0x00002390      0x278 obj\debug\components\drivers_nrf\timer\nrf_drv_timer.o
 .debug_aranges
                0x00002608      0x310 obj\debug\components\drivers_nrf\uart\nrf_drv_uart.o
 .debug_aranges
                0x00002918       0x70 obj\debug\components\libraries\fifo\app_fifo.o
 .debug_aranges
                0x00002988      0x1e8 obj\debug\components\libraries\fstorage\fstorage.o
 .debug_aranges
                0x00002b70      0x1a8 obj\debug\components\libraries\scheduler\app_scheduler.o
 .debug_aranges
                0x00002d18       0x38 obj\debug\components\libraries\sensorsim\sensorsim.o
 .debug_aranges
                0x00002d50       0x28 obj\debug\components\libraries\timer\app_timer_appsh.o
 .debug_aranges
                0x00002d78      0x2b0 obj\debug\components\libraries\timer\app_timer_ble_gzll.o
 .debug_aranges
                0x00003028       0x18 obj\debug\components\libraries\trace\app_trace.o
 .debug_aranges
                0x00003040      0x1a0 obj\debug\components\libraries\uart\app_uart_fifo.o
 .debug_aranges
                0x000031e0      0x178 obj\debug\components\libraries\uart\retarget.o
 .debug_aranges
                0x00003358       0x30 obj\debug\components\libraries\util\app_error.o
 .debug_aranges
                0x00003388       0x28 obj\debug\components\libraries\util\app_error_weak.o
 .debug_aranges
                0x000033b0      0x1a8 obj\debug\components\libraries\util\app_util_platform.o
 .debug_aranges
                0x00003558       0x18 obj\debug\components\libraries\util\nrf_assert.o
 .debug_aranges
                0x00003570       0x28 obj\debug\components\libraries\util\nrf_log.o
 .debug_aranges
                0x00003598      0x428 obj\debug\components\softdevice\common\softdevice_handler\softdevice_handler.o
 .debug_aranges
                0x000039c0      0x3b0 obj\debug\components\softdevice\common\softdevice_handler\softdevice_handler_appsh.o
 .debug_aranges
                0x00003d70       0x40 obj\debug\components\toolchain\system_nrf51.o
 .debug_aranges
                0x00003db0      0x1c0 obj\debug\source\adc\adc_hal.o
 .debug_aranges
                0x00003f70      0x478 obj\debug\source\app\ble_stack.o
 .debug_aranges
                0x000043e8       0x38 obj\debug\source\app\main.o
 .debug_aranges
                0x00004420       0x70 obj\debug\source\gpio\gpio_hal.o

.debug_ranges   0x00000000     0x42a0
 .debug_ranges  0x00000000      0x3f8 obj\debug\components\ble\ble_advertising\ble_advertising.o
 .debug_ranges  0x000003f8      0x268 obj\debug\components\ble\ble_services\ble_bas\ble_bas.o
 .debug_ranges  0x00000660      0x248 obj\debug\components\ble\ble_services\ble_dis\ble_dis.o
 .debug_ranges  0x000008a8      0x328 obj\debug\components\ble\ble_services\ble_hids\ble_hids.o
 .debug_ranges  0x00000bd0      0x2b8 obj\debug\components\ble\common\ble_advdata.o
 .debug_ranges  0x00000e88      0x288 obj\debug\components\ble\common\ble_conn_params.o
 .debug_ranges  0x00001110      0x248 obj\debug\components\ble\common\ble_srv_common.o
 .debug_ranges  0x00001358      0x3b0 obj\debug\components\ble\device_manager\device_manager_peripheral.o
 .debug_ranges  0x00001708      0x208 obj\debug\components\drivers_nrf\adc\nrf_drv_adc.o
 .debug_ranges  0x00001910      0x178 obj\debug\components\drivers_nrf\common\nrf_drv_common.o
 .debug_ranges  0x00001a88       0x10 obj\debug\components\drivers_nrf\delay\nrf_delay.o
 .debug_ranges  0x00001a98       0x20 obj\debug\components\drivers_nrf\hal\nrf_ecb.o
 .debug_ranges  0x00001ab8       0x30 obj\debug\components\drivers_nrf\hal\nrf_nvmc.o
 .debug_ranges  0x00001ae8      0x280 obj\debug\components\drivers_nrf\ppi\nrf_drv_ppi.o
 .debug_ranges  0x00001d68      0x340 obj\debug\components\drivers_nrf\pstorage\pstorage.o
 .debug_ranges  0x000020a8      0x230 obj\debug\components\drivers_nrf\spi_master\nrf_drv_spi.o
 .debug_ranges  0x000022d8      0x268 obj\debug\components\drivers_nrf\timer\nrf_drv_timer.o
 .debug_ranges  0x00002540      0x300 obj\debug\components\drivers_nrf\uart\nrf_drv_uart.o
 .debug_ranges  0x00002840       0x60 obj\debug\components\libraries\fifo\app_fifo.o
 .debug_ranges  0x000028a0      0x1d8 obj\debug\components\libraries\fstorage\fstorage.o
 .debug_ranges  0x00002a78      0x198 obj\debug\components\libraries\scheduler\app_scheduler.o
 .debug_ranges  0x00002c10       0x28 obj\debug\components\libraries\sensorsim\sensorsim.o
 .debug_ranges  0x00002c38       0x18 obj\debug\components\libraries\timer\app_timer_appsh.o
 .debug_ranges  0x00002c50      0x2a0 obj\debug\components\libraries\timer\app_timer_ble_gzll.o
 .debug_ranges  0x00002ef0      0x190 obj\debug\components\libraries\uart\app_uart_fifo.o
 .debug_ranges  0x00003080      0x168 obj\debug\components\libraries\uart\retarget.o
 .debug_ranges  0x000031e8       0x20 obj\debug\components\libraries\util\app_error.o
 .debug_ranges  0x00003208       0x18 obj\debug\components\libraries\util\app_error_weak.o
 .debug_ranges  0x00003220      0x198 obj\debug\components\libraries\util\app_util_platform.o
 .debug_ranges  0x000033b8       0x18 obj\debug\components\libraries\util\nrf_log.o
 .debug_ranges  0x000033d0      0x430 obj\debug\components\softdevice\common\softdevice_handler\softdevice_handler.o
 .debug_ranges  0x00003800      0x3a0 obj\debug\components\softdevice\common\softdevice_handler\softdevice_handler_appsh.o
 .debug_ranges  0x00003ba0       0x30 obj\debug\components\toolchain\system_nrf51.o
 .debug_ranges  0x00003bd0      0x1b0 obj\debug\source\adc\adc_hal.o
 .debug_ranges  0x00003d80      0x498 obj\debug\source\app\ble_stack.o
 .debug_ranges  0x00004218       0x28 obj\debug\source\app\main.o
 .debug_ranges  0x00004240       0x60 obj\debug\source\gpio\gpio_hal.o

.debug_line     0x00000000     0xfdaf
 .debug_line    0x00000000      0xcf8 obj\debug\components\ble\ble_advertising\ble_advertising.o
 .debug_line    0x00000cf8      0x858 obj\debug\components\ble\ble_services\ble_bas\ble_bas.o
 .debug_line    0x00001550      0x7de obj\debug\components\ble\ble_services\ble_dis\ble_dis.o
 .debug_line    0x00001d2e      0xcaa obj\debug\components\ble\ble_services\ble_hids\ble_hids.o
 .debug_line    0x000029d8      0xa3f obj\debug\components\ble\common\ble_advdata.o
 .debug_line    0x00003417      0x853 obj\debug\components\ble\common\ble_conn_params.o
 .debug_line    0x00003c6a      0x7a0 obj\debug\components\ble\common\ble_srv_common.o
 .debug_line    0x0000440a     0x10fc obj\debug\components\ble\device_manager\device_manager_peripheral.o
 .debug_line    0x00005506      0x79c obj\debug\components\drivers_nrf\adc\nrf_drv_adc.o
 .debug_line    0x00005ca2      0x53d obj\debug\components\drivers_nrf\common\nrf_drv_common.o
 .debug_line    0x000061df      0x136 obj\debug\components\drivers_nrf\delay\nrf_delay.o
 .debug_line    0x00006315      0x168 obj\debug\components\drivers_nrf\hal\nrf_ecb.o
 .debug_line    0x0000647d      0x1fe obj\debug\components\drivers_nrf\hal\nrf_nvmc.o
 .debug_line    0x0000667b      0x8ab obj\debug\components\drivers_nrf\ppi\nrf_drv_ppi.o
 .debug_line    0x00006f26      0xcea obj\debug\components\drivers_nrf\pstorage\pstorage.o
 .debug_line    0x00007c10      0x891 obj\debug\components\drivers_nrf\spi_master\nrf_drv_spi.o
 .debug_line    0x000084a1      0x880 obj\debug\components\drivers_nrf\timer\nrf_drv_timer.o
 .debug_line    0x00008d21      0xae1 obj\debug\components\drivers_nrf\uart\nrf_drv_uart.o
 .debug_line    0x00009802      0x251 obj\debug\components\libraries\fifo\app_fifo.o
 .debug_line    0x00009a53      0x716 obj\debug\components\libraries\fstorage\fstorage.o
 .debug_line    0x0000a169      0x583 obj\debug\components\libraries\scheduler\app_scheduler.o
 .debug_line    0x0000a6ec      0x16d obj\debug\components\libraries\sensorsim\sensorsim.o
 .debug_line    0x0000a859      0x187 obj\debug\components\libraries\timer\app_timer_appsh.o
 .debug_line    0x0000a9e0      0xa76 obj\debug\components\libraries\timer\app_timer_ble_gzll.o
 .debug_line    0x0000b456       0x1d obj\debug\components\libraries\trace\app_trace.o
 .debug_line    0x0000b473      0x603 obj\debug\components\libraries\uart\app_uart_fifo.o
 .debug_line    0x0000ba76      0x551 obj\debug\components\libraries\uart\retarget.o
 .debug_line    0x0000bfc7      0x1e2 obj\debug\components\libraries\util\app_error.o
 .debug_line    0x0000c1a9      0x1be obj\debug\components\libraries\util\app_error_weak.o
 .debug_line    0x0000c367      0x587 obj\debug\components\libraries\util\app_util_platform.o
 .debug_line    0x0000c8ee      0x106 obj\debug\components\libraries\util\nrf_assert.o
 .debug_line    0x0000c9f4      0x181 obj\debug\components\libraries\util\nrf_log.o
 .debug_line    0x0000cb75      0xcba obj\debug\components\softdevice\common\softdevice_handler\softdevice_handler.o
 .debug_line    0x0000d82f      0xa30 obj\debug\components\softdevice\common\softdevice_handler\softdevice_handler_appsh.o
 .debug_line    0x0000e25f      0x1da obj\debug\components\toolchain\system_nrf51.o
 .debug_line    0x0000e439      0x686 obj\debug\source\adc\adc_hal.o
 .debug_line    0x0000eabf      0xf6d obj\debug\source\app\ble_stack.o
 .debug_line    0x0000fa2c      0x169 obj\debug\source\app\main.o
 .debug_line    0x0000fb95      0x21a obj\debug\source\gpio\gpio_hal.o

.debug_str      0x00000000     0xbb24
 .debug_str     0x00000000     0x3aaa obj\debug\components\ble\ble_advertising\ble_advertising.o
                               0x3d96 (size before relaxing)
 .debug_str     0x00003aaa      0x3af obj\debug\components\ble\ble_services\ble_bas\ble_bas.o
                               0x2b5d (size before relaxing)
 .debug_str     0x00003e59      0x2e8 obj\debug\components\ble\ble_services\ble_dis\ble_dis.o
                               0x201e (size before relaxing)
 .debug_str     0x00004141      0x884 obj\debug\components\ble\ble_services\ble_hids\ble_hids.o
                               0x32c6 (size before relaxing)
 .debug_str     0x000049c5      0x264 obj\debug\components\ble\common\ble_advdata.o
                               0x22ca (size before relaxing)
 .debug_str     0x00004c29      0x318 obj\debug\components\ble\common\ble_conn_params.o
                               0x2be1 (size before relaxing)
 .debug_str     0x00004f41      0x211 obj\debug\components\ble\common\ble_srv_common.o
                               0x1fd9 (size before relaxing)
 .debug_str     0x00005152      0xad1 obj\debug\components\ble\device_manager\device_manager_peripheral.o
                               0x33a3 (size before relaxing)
 .debug_str     0x00005c23      0x75d obj\debug\components\drivers_nrf\adc\nrf_drv_adc.o
                               0x154a (size before relaxing)
 .debug_str     0x00006380       0x9e obj\debug\components\drivers_nrf\common\nrf_drv_common.o
                                0xfe6 (size before relaxing)
 .debug_str     0x0000641e       0x5d obj\debug\components\drivers_nrf\delay\nrf_delay.o
                                0x208 (size before relaxing)
 .debug_str     0x0000647b       0xd9 obj\debug\components\drivers_nrf\hal\nrf_ecb.o
                                0x2e7 (size before relaxing)
 .debug_str     0x00006554       0xfc obj\debug\components\drivers_nrf\hal\nrf_nvmc.o
                                0x2dd (size before relaxing)
 .debug_str     0x00006650      0x6cb obj\debug\components\drivers_nrf\ppi\nrf_drv_ppi.o
                               0x14ee (size before relaxing)
 .debug_str     0x00006d1b      0xa4d obj\debug\components\drivers_nrf\pstorage\pstorage.o
                               0x1a41 (size before relaxing)
 .debug_str     0x00007768      0x900 obj\debug\components\drivers_nrf\spi_master\nrf_drv_spi.o
                               0x1a2c (size before relaxing)
 .debug_str     0x00008068      0x978 obj\debug\components\drivers_nrf\timer\nrf_drv_timer.o
                               0x1add (size before relaxing)
 .debug_str     0x000089e0      0x9ff obj\debug\components\drivers_nrf\uart\nrf_drv_uart.o
                               0x1e46 (size before relaxing)
 .debug_str     0x000093df      0x125 obj\debug\components\libraries\fifo\app_fifo.o
                                0x338 (size before relaxing)
 .debug_str     0x00009504      0x29d obj\debug\components\libraries\fstorage\fstorage.o
                               0x1352 (size before relaxing)
 .debug_str     0x000097a1      0x1a2 obj\debug\components\libraries\scheduler\app_scheduler.o
                                0xfab (size before relaxing)
 .debug_str     0x00009943       0xd0 obj\debug\components\libraries\sensorsim\sensorsim.o
                                0x26d (size before relaxing)
 .debug_str     0x00009a13       0x92 obj\debug\components\libraries\timer\app_timer_appsh.o
                                0x2b5 (size before relaxing)
 .debug_str     0x00009aa5      0x73f obj\debug\components\libraries\timer\app_timer_ble_gzll.o
                               0x1967 (size before relaxing)
 .debug_str     0x0000a1e4       0x27 obj\debug\components\libraries\trace\app_trace.o
                                0x1b8 (size before relaxing)
 .debug_str     0x0000a20b      0x2b2 obj\debug\components\libraries\uart\app_uart_fifo.o
                               0x14ae (size before relaxing)
 .debug_str     0x0000a4bd      0x384 obj\debug\components\libraries\uart\retarget.o
                               0x1168 (size before relaxing)
 .debug_str     0x0000a841       0xe8 obj\debug\components\libraries\util\app_error.o
                                0x300 (size before relaxing)
 .debug_str     0x0000a929       0x60 obj\debug\components\libraries\util\app_error_weak.o
                                0x256 (size before relaxing)
 .debug_str     0x0000a989      0x14d obj\debug\components\libraries\util\app_util_platform.o
                               0x10bf (size before relaxing)
 .debug_str     0x0000aad6       0x27 obj\debug\components\libraries\util\nrf_assert.o
                                0x1e4 (size before relaxing)
 .debug_str     0x0000aafd       0x4b obj\debug\components\libraries\util\nrf_log.o
                                0x220 (size before relaxing)
 .debug_str     0x0000ab48      0x3fe obj\debug\components\softdevice\common\softdevice_handler\softdevice_handler.o
                               0x3814 (size before relaxing)
 .debug_str     0x0000af46       0x76 obj\debug\components\softdevice\common\softdevice_handler\softdevice_handler_appsh.o
                               0x2a34 (size before relaxing)
 .debug_str     0x0000afbc      0x102 obj\debug\components\toolchain\system_nrf51.o
                                0x2bc (size before relaxing)
 .debug_str     0x0000b0be      0x433 obj\debug\source\adc\adc_hal.o
                               0x1990 (size before relaxing)
 .debug_str     0x0000b4f1      0x54a obj\debug\source\app\ble_stack.o
                               0x4abb (size before relaxing)
 .debug_str     0x0000ba3b       0x89 obj\debug\source\app\main.o
                                0x25a (size before relaxing)
 .debug_str     0x0000bac4       0x60 obj\debug\source\gpio\gpio_hal.o
                                0x4bf (size before relaxing)
